14:38:17 **** Build of configuration Debug for project APP4_E2020 ****
make all 
'Building file: ../src/cyclone_tcp/std_services/echo.c'
'Invoking: MicroBlaze gcc compiler'
mb-gcc -Wall -Os -g -I"C:\Users\jbm\Desktop\depart_good_2019.1\APP6\APP6.sdk\APP6_2019\src\cyclone_tcp" -I"C:\Users\jbm\Desktop\depart_good_2019.1\APP6\APP6.sdk\APP6_2019\src\common" -c -fmessage-length=0 -MT"src/cyclone_tcp/std_services/echo.o" -flto -I../../standalone_bsp_0/microblaze_0/include -mlittle-endian -mno-xl-soft-div -mcpu=v11.0 -mno-xl-soft-mul -mhard-float -mxl-float-convert -mxl-float-sqrt -ffunction-sections -fdata-sections -MMD -MP -MF"src/cyclone_tcp/std_services/echo.d" -MT"src/cyclone_tcp/std_services/echo.o" -o "src/cyclone_tcp/std_services/echo.o" "../src/cyclone_tcp/std_services/echo.c"
'Finished building: ../src/cyclone_tcp/std_services/echo.c'
' '
'Building file: ../src/cyclone_tcp/ipv4/arp.c'
'Invoking: MicroBlaze gcc compiler'
mb-gcc -Wall -Os -g -I"C:\Users\jbm\Desktop\depart_good_2019.1\APP6\APP6.sdk\APP6_2019\src\cyclone_tcp" -I"C:\Users\jbm\Desktop\depart_good_2019.1\APP6\APP6.sdk\APP6_2019\src\common" -c -fmessage-length=0 -MT"src/cyclone_tcp/ipv4/arp.o" -flto -I../../standalone_bsp_0/microblaze_0/include -mlittle-endian -mno-xl-soft-div -mcpu=v11.0 -mno-xl-soft-mul -mhard-float -mxl-float-convert -mxl-float-sqrt -ffunction-sections -fdata-sections -MMD -MP -MF"src/cyclone_tcp/ipv4/arp.d" -MT"src/cyclone_tcp/ipv4/arp.o" -o "src/cyclone_tcp/ipv4/arp.o" "../src/cyclone_tcp/ipv4/arp.c"
'Finished building: ../src/cyclone_tcp/ipv4/arp.c'
' '
'Building file: ../src/cyclone_tcp/ipv4/ipv4.c'
'Invoking: MicroBlaze gcc compiler'
mb-gcc -Wall -Os -g -I"C:\Users\jbm\Desktop\depart_good_2019.1\APP6\APP6.sdk\APP6_2019\src\cyclone_tcp" -I"C:\Users\jbm\Desktop\depart_good_2019.1\APP6\APP6.sdk\APP6_2019\src\common" -c -fmessage-length=0 -MT"src/cyclone_tcp/ipv4/ipv4.o" -flto -I../../standalone_bsp_0/microblaze_0/include -mlittle-endian -mno-xl-soft-div -mcpu=v11.0 -mno-xl-soft-mul -mhard-float -mxl-float-convert -mxl-float-sqrt -ffunction-sections -fdata-sections -MMD -MP -MF"src/cyclone_tcp/ipv4/ipv4.d" -MT"src/cyclone_tcp/ipv4/ipv4.o" -o "src/cyclone_tcp/ipv4/ipv4.o" "../src/cyclone_tcp/ipv4/ipv4.c"
'Finished building: ../src/cyclone_tcp/ipv4/ipv4.c'
' '
'Building file: ../src/cyclone_tcp/drivers/eth/enc624j600_driver.c'
'Invoking: MicroBlaze gcc compiler'
mb-gcc -Wall -Os -g -I"C:\Users\jbm\Desktop\depart_good_2019.1\APP6\APP6.sdk\APP6_2019\src\cyclone_tcp" -I"C:\Users\jbm\Desktop\depart_good_2019.1\APP6\APP6.sdk\APP6_2019\src\common" -c -fmessage-length=0 -MT"src/cyclone_tcp/drivers/eth/enc624j600_driver.o" -flto -I../../standalone_bsp_0/microblaze_0/include -mlittle-endian -mno-xl-soft-div -mcpu=v11.0 -mno-xl-soft-mul -mhard-float -mxl-float-convert -mxl-float-sqrt -ffunction-sections -fdata-sections -MMD -MP -MF"src/cyclone_tcp/drivers/eth/enc624j600_driver.d" -MT"src/cyclone_tcp/drivers/eth/enc624j600_driver.o" -o "src/cyclone_tcp/drivers/eth/enc624j600_driver.o" "../src/cyclone_tcp/drivers/eth/enc624j600_driver.c"
../src/cyclone_tcp/drivers/eth/enc624j600_driver.c: In function 'enc624j600UpdateMacConfig':
../src/cyclone_tcp/drivers/eth/enc624j600_driver.c:565:1: warning: control reaches end of non-void function [-Wreturn-type]
 }
 ^
'Finished building: ../src/cyclone_tcp/drivers/eth/enc624j600_driver.c'
' '
'Building file: ../src/cyclone_tcp/core/ethernet.c'
'Invoking: MicroBlaze gcc compiler'
mb-gcc -Wall -Os -g -I"C:\Users\jbm\Desktop\depart_good_2019.1\APP6\APP6.sdk\APP6_2019\src\cyclone_tcp" -I"C:\Users\jbm\Desktop\depart_good_2019.1\APP6\APP6.sdk\APP6_2019\src\common" -c -fmessage-length=0 -MT"src/cyclone_tcp/core/ethernet.o" -flto -I../../standalone_bsp_0/microblaze_0/include -mlittle-endian -mno-xl-soft-div -mcpu=v11.0 -mno-xl-soft-mul -mhard-float -mxl-float-convert -mxl-float-sqrt -ffunction-sections -fdata-sections -MMD -MP -MF"src/cyclone_tcp/core/ethernet.d" -MT"src/cyclone_tcp/core/ethernet.o" -o "src/cyclone_tcp/core/ethernet.o" "../src/cyclone_tcp/core/ethernet.c"
'Finished building: ../src/cyclone_tcp/core/ethernet.c'
' '
'Building file: ../src/cyclone_tcp/core/ip.c'
'Invoking: MicroBlaze gcc compiler'
mb-gcc -Wall -Os -g -I"C:\Users\jbm\Desktop\depart_good_2019.1\APP6\APP6.sdk\APP6_2019\src\cyclone_tcp" -I"C:\Users\jbm\Desktop\depart_good_2019.1\APP6\APP6.sdk\APP6_2019\src\common" -c -fmessage-length=0 -MT"src/cyclone_tcp/core/ip.o" -flto -I../../standalone_bsp_0/microblaze_0/include -mlittle-endian -mno-xl-soft-div -mcpu=v11.0 -mno-xl-soft-mul -mhard-float -mxl-float-convert -mxl-float-sqrt -ffunction-sections -fdata-sections -MMD -MP -MF"src/cyclone_tcp/core/ip.d" -MT"src/cyclone_tcp/core/ip.o" -o "src/cyclone_tcp/core/ip.o" "../src/cyclone_tcp/core/ip.c"
'Finished building: ../src/cyclone_tcp/core/ip.c'
' '
'Building file: ../src/cyclone_tcp/core/net.c'
'Invoking: MicroBlaze gcc compiler'
mb-gcc -Wall -Os -g -I"C:\Users\jbm\Desktop\depart_good_2019.1\APP6\APP6.sdk\APP6_2019\src\cyclone_tcp" -I"C:\Users\jbm\Desktop\depart_good_2019.1\APP6\APP6.sdk\APP6_2019\src\common" -c -fmessage-length=0 -MT"src/cyclone_tcp/core/net.o" -flto -I../../standalone_bsp_0/microblaze_0/include -mlittle-endian -mno-xl-soft-div -mcpu=v11.0 -mno-xl-soft-mul -mhard-float -mxl-float-convert -mxl-float-sqrt -ffunction-sections -fdata-sections -MMD -MP -MF"src/cyclone_tcp/core/net.d" -MT"src/cyclone_tcp/core/net.o" -o "src/cyclone_tcp/core/net.o" "../src/cyclone_tcp/core/net.c"
'Finished building: ../src/cyclone_tcp/core/net.c'
' '
'Building file: ../src/cyclone_tcp/core/net_mem.c'
'Invoking: MicroBlaze gcc compiler'
mb-gcc -Wall -Os -g -I"C:\Users\jbm\Desktop\depart_good_2019.1\APP6\APP6.sdk\APP6_2019\src\cyclone_tcp" -I"C:\Users\jbm\Desktop\depart_good_2019.1\APP6\APP6.sdk\APP6_2019\src\common" -c -fmessage-length=0 -MT"src/cyclone_tcp/core/net_mem.o" -flto -I../../standalone_bsp_0/microblaze_0/include -mlittle-endian -mno-xl-soft-div -mcpu=v11.0 -mno-xl-soft-mul -mhard-float -mxl-float-convert -mxl-float-sqrt -ffunction-sections -fdata-sections -MMD -MP -MF"src/cyclone_tcp/core/net_mem.d" -MT"src/cyclone_tcp/core/net_mem.o" -o "src/cyclone_tcp/core/net_mem.o" "../src/cyclone_tcp/core/net_mem.c"
'Finished building: ../src/cyclone_tcp/core/net_mem.c'
' '
'Building file: ../src/cyclone_tcp/core/nic.c'
'Invoking: MicroBlaze gcc compiler'
mb-gcc -Wall -Os -g -I"C:\Users\jbm\Desktop\depart_good_2019.1\APP6\APP6.sdk\APP6_2019\src\cyclone_tcp" -I"C:\Users\jbm\Desktop\depart_good_2019.1\APP6\APP6.sdk\APP6_2019\src\common" -c -fmessage-length=0 -MT"src/cyclone_tcp/core/nic.o" -flto -I../../standalone_bsp_0/microblaze_0/include -mlittle-endian -mno-xl-soft-div -mcpu=v11.0 -mno-xl-soft-mul -mhard-float -mxl-float-convert -mxl-float-sqrt -ffunction-sections -fdata-sections -MMD -MP -MF"src/cyclone_tcp/core/nic.d" -MT"src/cyclone_tcp/core/nic.o" -o "src/cyclone_tcp/core/nic.o" "../src/cyclone_tcp/core/nic.c"
'Finished building: ../src/cyclone_tcp/core/nic.c'
' '
'Building file: ../src/cyclone_tcp/core/socket.c'
'Invoking: MicroBlaze gcc compiler'
mb-gcc -Wall -Os -g -I"C:\Users\jbm\Desktop\depart_good_2019.1\APP6\APP6.sdk\APP6_2019\src\cyclone_tcp" -I"C:\Users\jbm\Desktop\depart_good_2019.1\APP6\APP6.sdk\APP6_2019\src\common" -c -fmessage-length=0 -MT"src/cyclone_tcp/core/socket.o" -flto -I../../standalone_bsp_0/microblaze_0/include -mlittle-endian -mno-xl-soft-div -mcpu=v11.0 -mno-xl-soft-mul -mhard-float -mxl-float-convert -mxl-float-sqrt -ffunction-sections -fdata-sections -MMD -MP -MF"src/cyclone_tcp/core/socket.d" -MT"src/cyclone_tcp/core/socket.o" -o "src/cyclone_tcp/core/socket.o" "../src/cyclone_tcp/core/socket.c"
../src/cyclone_tcp/core/socket.c: In function 'getHostByName':
../src/cyclone_tcp/core/socket.c:1071:21: warning: variable 'protocol' set but not used [-Wunused-but-set-variable]
    HostnameResolver protocol = HOST_NAME_RESOLVER_ANY;
                     ^~~~~~~~
'Finished building: ../src/cyclone_tcp/core/socket.c'
' '
'Building file: ../src/cyclone_tcp/core/udp.c'
'Invoking: MicroBlaze gcc compiler'
mb-gcc -Wall -Os -g -I"C:\Users\jbm\Desktop\depart_good_2019.1\APP6\APP6.sdk\APP6_2019\src\cyclone_tcp" -I"C:\Users\jbm\Desktop\depart_good_2019.1\APP6\APP6.sdk\APP6_2019\src\common" -c -fmessage-length=0 -MT"src/cyclone_tcp/core/udp.o" -flto -I../../standalone_bsp_0/microblaze_0/include -mlittle-endian -mno-xl-soft-div -mcpu=v11.0 -mno-xl-soft-mul -mhard-float -mxl-float-convert -mxl-float-sqrt -ffunction-sections -fdata-sections -MMD -MP -MF"src/cyclone_tcp/core/udp.d" -MT"src/cyclone_tcp/core/udp.o" -o "src/cyclone_tcp/core/udp.o" "../src/cyclone_tcp/core/udp.c"
'Finished building: ../src/cyclone_tcp/core/udp.c'
' '
'Building file: ../src/cyclone_tcp/ext_int_driver.c'
'Invoking: MicroBlaze gcc compiler'
mb-gcc -Wall -Os -g -I"C:\Users\jbm\Desktop\depart_good_2019.1\APP6\APP6.sdk\APP6_2019\src\cyclone_tcp" -I"C:\Users\jbm\Desktop\depart_good_2019.1\APP6\APP6.sdk\APP6_2019\src\common" -c -fmessage-length=0 -MT"src/cyclone_tcp/ext_int_driver.o" -flto -I../../standalone_bsp_0/microblaze_0/include -mlittle-endian -mno-xl-soft-div -mcpu=v11.0 -mno-xl-soft-mul -mhard-float -mxl-float-convert -mxl-float-sqrt -ffunction-sections -fdata-sections -MMD -MP -MF"src/cyclone_tcp/ext_int_driver.d" -MT"src/cyclone_tcp/ext_int_driver.o" -o "src/cyclone_tcp/ext_int_driver.o" "../src/cyclone_tcp/ext_int_driver.c"
../src/cyclone_tcp/ext_int_driver.c: In function 'ENC_Int_Handler':
../src/cyclone_tcp/ext_int_driver.c:93:22: warning: unused variable 'status' [-Wunused-variable]
    volatile uint32_t status;
                      ^~~~~~
'Finished building: ../src/cyclone_tcp/ext_int_driver.c'
' '
'Building file: ../src/cyclone_tcp/main.c'
'Invoking: MicroBlaze gcc compiler'
mb-gcc -Wall -Os -g -I"C:\Users\jbm\Desktop\depart_good_2019.1\APP6\APP6.sdk\APP6_2019\src\cyclone_tcp" -I"C:\Users\jbm\Desktop\depart_good_2019.1\APP6\APP6.sdk\APP6_2019\src\common" -c -fmessage-length=0 -MT"src/cyclone_tcp/main.o" -flto -I../../standalone_bsp_0/microblaze_0/include -mlittle-endian -mno-xl-soft-div -mcpu=v11.0 -mno-xl-soft-mul -mhard-float -mxl-float-convert -mxl-float-sqrt -ffunction-sections -fdata-sections -MMD -MP -MF"src/cyclone_tcp/main.d" -MT"src/cyclone_tcp/main.o" -o "src/cyclone_tcp/main.o" "../src/cyclone_tcp/main.c"
../src/cyclone_tcp/main.c: In function 'systemInit':
../src/cyclone_tcp/main.c:89:12: warning: variable 'error' set but not used [-Wunused-but-set-variable]
    error_t error;
            ^~~~~
../src/cyclone_tcp/main.c: In function 'SetupInterruptSystem':
../src/cyclone_tcp/main.c:171:6: warning: variable 'Status' set but not used [-Wunused-but-set-variable]
  int Status;
      ^~~~~~
../src/cyclone_tcp/main.c: In function 'uartInit':
../src/cyclone_tcp/main.c:229:6: warning: variable 'Status' set but not used [-Wunused-but-set-variable]
  int Status;
      ^~~~~~
'Finished building: ../src/cyclone_tcp/main.c'
' '
'Building file: ../src/cyclone_tcp/spi_driver.c'
'Invoking: MicroBlaze gcc compiler'
mb-gcc -Wall -Os -g -I"C:\Users\jbm\Desktop\depart_good_2019.1\APP6\APP6.sdk\APP6_2019\src\cyclone_tcp" -I"C:\Users\jbm\Desktop\depart_good_2019.1\APP6\APP6.sdk\APP6_2019\src\common" -c -fmessage-length=0 -MT"src/cyclone_tcp/spi_driver.o" -flto -I../../standalone_bsp_0/microblaze_0/include -mlittle-endian -mno-xl-soft-div -mcpu=v11.0 -mno-xl-soft-mul -mhard-float -mxl-float-convert -mxl-float-sqrt -ffunction-sections -fdata-sections -MMD -MP -MF"src/cyclone_tcp/spi_driver.d" -MT"src/cyclone_tcp/spi_driver.o" -o "src/cyclone_tcp/spi_driver.o" "../src/cyclone_tcp/spi_driver.c"
'Finished building: ../src/cyclone_tcp/spi_driver.c'
' '
'Building file: ../src/common/cpu_endian.c'
'Invoking: MicroBlaze gcc compiler'
mb-gcc -Wall -Os -g -I"C:\Users\jbm\Desktop\depart_good_2019.1\APP6\APP6.sdk\APP6_2019\src\cyclone_tcp" -I"C:\Users\jbm\Desktop\depart_good_2019.1\APP6\APP6.sdk\APP6_2019\src\common" -c -fmessage-length=0 -MT"src/common/cpu_endian.o" -flto -I../../standalone_bsp_0/microblaze_0/include -mlittle-endian -mno-xl-soft-div -mcpu=v11.0 -mno-xl-soft-mul -mhard-float -mxl-float-convert -mxl-float-sqrt -ffunction-sections -fdata-sections -MMD -MP -MF"src/common/cpu_endian.d" -MT"src/common/cpu_endian.o" -o "src/common/cpu_endian.o" "../src/common/cpu_endian.c"
'Finished building: ../src/common/cpu_endian.c'
' '
'Building file: ../src/common/date_time.c'
'Invoking: MicroBlaze gcc compiler'
mb-gcc -Wall -Os -g -I"C:\Users\jbm\Desktop\depart_good_2019.1\APP6\APP6.sdk\APP6_2019\src\cyclone_tcp" -I"C:\Users\jbm\Desktop\depart_good_2019.1\APP6\APP6.sdk\APP6_2019\src\common" -c -fmessage-length=0 -MT"src/common/date_time.o" -flto -I../../standalone_bsp_0/microblaze_0/include -mlittle-endian -mno-xl-soft-div -mcpu=v11.0 -mno-xl-soft-mul -mhard-float -mxl-float-convert -mxl-float-sqrt -ffunction-sections -fdata-sections -MMD -MP -MF"src/common/date_time.d" -MT"src/common/date_time.o" -o "src/common/date_time.o" "../src/common/date_time.c"
'Finished building: ../src/common/date_time.c'
' '
'Building file: ../src/common/os_port_none.c'
'Invoking: MicroBlaze gcc compiler'
mb-gcc -Wall -Os -g -I"C:\Users\jbm\Desktop\depart_good_2019.1\APP6\APP6.sdk\APP6_2019\src\cyclone_tcp" -I"C:\Users\jbm\Desktop\depart_good_2019.1\APP6\APP6.sdk\APP6_2019\src\common" -c -fmessage-length=0 -MT"src/common/os_port_none.o" -flto -I../../standalone_bsp_0/microblaze_0/include -mlittle-endian -mno-xl-soft-div -mcpu=v11.0 -mno-xl-soft-mul -mhard-float -mxl-float-convert -mxl-float-sqrt -ffunction-sections -fdata-sections -MMD -MP -MF"src/common/os_port_none.d" -MT"src/common/os_port_none.o" -o "src/common/os_port_none.o" "../src/common/os_port_none.c"
'Finished building: ../src/common/os_port_none.c'
' '
'Building target: APP4_E2020.elf'
'Invoking: MicroBlaze gcc linker'
mb-gcc -Xlinker -Map=output.map -Xlinker -flto -Wl,-T -Wl,../src/lscript.ld -L../../standalone_bsp_0/microblaze_0/lib -mlittle-endian -mno-xl-soft-div -mcpu=v11.0 -mno-xl-soft-mul -mhard-float -mxl-float-convert -mxl-float-sqrt -Wl,--gc-sections -o "APP4_E2020.elf"  ./src/cyclone_tcp/std_services/echo.o  ./src/cyclone_tcp/ipv4/arp.o ./src/cyclone_tcp/ipv4/ipv4.o  ./src/cyclone_tcp/drivers/eth/enc624j600_driver.o  ./src/cyclone_tcp/core/ethernet.o ./src/cyclone_tcp/core/ip.o ./src/cyclone_tcp/core/net.o ./src/cyclone_tcp/core/net_mem.o ./src/cyclone_tcp/core/nic.o ./src/cyclone_tcp/core/socket.o ./src/cyclone_tcp/core/udp.o  ./src/cyclone_tcp/ext_int_driver.o ./src/cyclone_tcp/main.o ./src/cyclone_tcp/spi_driver.o  ./src/common/cpu_endian.o ./src/common/date_time.o ./src/common/os_port_none.o   -Wl,--start-group,-lxil,-lgcc,-lc,--end-group
'Finished building target: APP4_E2020.elf'
' '
'Invoking: MicroBlaze Print Size'
mb-size APP4_E2020.elf  |tee "APP4_E2020.elf.size"
   text	   data	    bss	    dec	    hex	filename
 102392	   1856	  14016	 118264	  1cdf8	APP4_E2020.elf
'Finished building: APP4_E2020.elf.size'
' '

14:38:23 Build Finished (took 6s.640ms)

