Archive member included to satisfy reference by file (symbol)

../../standalone_bsp_1/microblaze_0/lib\libxil.a(xgpio.o)
                              ./src/cyclone_tcp/main.o (symbol from plugin) (XGpio_SetDataDirection)
../../standalone_bsp_1/microblaze_0/lib\libxil.a(xgpio_sinit.o)
                              ./src/cyclone_tcp/main.o (symbol from plugin) (XGpio_Initialize)
../../standalone_bsp_1/microblaze_0/lib\libxil.a(xintc_intr.o)
                              ./src/cyclone_tcp/main.o (symbol from plugin) (XIntc_InterruptHandler)
../../standalone_bsp_1/microblaze_0/lib\libxil.a(xintc_l.o)
                              ../../standalone_bsp_1/microblaze_0/lib\libxil.a(xintc_intr.o) (XIntc_DeviceInterruptHandler)
../../standalone_bsp_1/microblaze_0/lib\libxil.a(xintc.o)
                              ./src/cyclone_tcp/main.o (symbol from plugin) (XIntc_Initialize)
../../standalone_bsp_1/microblaze_0/lib\libxil.a(xspi.o)
                              ./src/cyclone_tcp/spi_driver.o (symbol from plugin) (XSpi_CfgInitialize)
../../standalone_bsp_1/microblaze_0/lib\libxil.a(xspi_sinit.o)
                              ./src/cyclone_tcp/spi_driver.o (symbol from plugin) (XSpi_LookupConfig)
../../standalone_bsp_1/microblaze_0/lib\libxil.a(xspi_g.o)
                              ../../standalone_bsp_1/microblaze_0/lib\libxil.a(xspi_sinit.o) (XSpi_ConfigTable)
../../standalone_bsp_1/microblaze_0/lib\libxil.a(print.o)
                              ./src/cyclone_tcp/std_services/echo.o (symbol from plugin) (print)
../../standalone_bsp_1/microblaze_0/lib\libxil.a(xil_assert.o)
                              ../../standalone_bsp_1/microblaze_0/lib\libxil.a(xgpio.o) (Xil_Assert)
../../standalone_bsp_1/microblaze_0/lib\libxil.a(microblaze_interrupt_handler.o)
                              c:/xilinx/sdk/2019.1/gnu/microblaze/nt/bin/../lib/gcc/microblaze-xilinx-elf/8.2.0/../../../../microblaze-xilinx-elf/lib/le/m/crt0.o (_interrupt_handler)
../../standalone_bsp_1/microblaze_0/lib\libxil.a(xil_printf.o)
                              ./src/cyclone_tcp/main.o (symbol from plugin) (xil_printf)
../../standalone_bsp_1/microblaze_0/lib\libxil.a(outbyte.o)
                              ../../standalone_bsp_1/microblaze_0/lib\libxil.a(print.o) (outbyte)
../../standalone_bsp_1/microblaze_0/lib\libxil.a(xil_exception.o)
                              ./src/cyclone_tcp/main.o (symbol from plugin) (Xil_ExceptionInit)
../../standalone_bsp_1/microblaze_0/lib\libxil.a(microblaze_enable_exceptions.o)
                              ../../standalone_bsp_1/microblaze_0/lib\libxil.a(xil_exception.o) (microblaze_enable_exceptions)
../../standalone_bsp_1/microblaze_0/lib\libxil.a(microblaze_enable_interrupts.o)
                              ../../standalone_bsp_1/microblaze_0/lib\libxil.a(xil_exception.o) (microblaze_enable_interrupts)
../../standalone_bsp_1/microblaze_0/lib\libxil.a(microblaze_disable_exceptions.o)
                              ../../standalone_bsp_1/microblaze_0/lib\libxil.a(xil_exception.o) (microblaze_disable_exceptions)
../../standalone_bsp_1/microblaze_0/lib\libxil.a(microblaze_disable_interrupts.o)
                              ../../standalone_bsp_1/microblaze_0/lib\libxil.a(xil_exception.o) (microblaze_disable_interrupts)
../../standalone_bsp_1/microblaze_0/lib\libxil.a(hw_exception_handler.o)
                              c:/xilinx/sdk/2019.1/gnu/microblaze/nt/bin/../lib/gcc/microblaze-xilinx-elf/8.2.0/../../../../microblaze-xilinx-elf/lib/le/m/crt0.o (_hw_exception_handler)
../../standalone_bsp_1/microblaze_0/lib\libxil.a(xuartlite_selftest.o)
                              ./src/cyclone_tcp/main.o (symbol from plugin) (XUartLite_SelfTest)
../../standalone_bsp_1/microblaze_0/lib\libxil.a(xuartlite_l.o)
                              ../../standalone_bsp_1/microblaze_0/lib\libxil.a(outbyte.o) (XUartLite_SendByte)
../../standalone_bsp_1/microblaze_0/lib\libxil.a(xuartlite.o)
                              ../../standalone_bsp_1/microblaze_0/lib\libxil.a(xuartlite_selftest.o) (XUartLite_ResetFifos)
../../standalone_bsp_1/microblaze_0/lib\libxil.a(xuartlite_sinit.o)
                              ./src/cyclone_tcp/main.o (symbol from plugin) (XUartLite_Initialize)
../../standalone_bsp_1/microblaze_0/lib\libxil.a(xgpio_g.o)
                              ../../standalone_bsp_1/microblaze_0/lib\libxil.a(xgpio_sinit.o) (XGpio_ConfigTable)
../../standalone_bsp_1/microblaze_0/lib\libxil.a(xintc_g.o)
                              ../../standalone_bsp_1/microblaze_0/lib\libxil.a(xintc_l.o) (XIntc_ConfigTable)
../../standalone_bsp_1/microblaze_0/lib\libxil.a(microblaze_interrupts_g.o)
                              ../../standalone_bsp_1/microblaze_0/lib\libxil.a(microblaze_interrupt_handler.o) (MB_InterruptVectorTable)
../../standalone_bsp_1/microblaze_0/lib\libxil.a(xuartlite_stats.o)
                              ../../standalone_bsp_1/microblaze_0/lib\libxil.a(xuartlite.o) (XUartLite_ClearStats)
[...]
Memory Configuration

Name             Origin             Length             Attributes
microblaze_0_local_memory_ilmb_bram_if_cntlr_Mem_microblaze_0_local_memory_dlmb_bram_if_cntlr_Mem 0x0000000000000050 0x000000000001ffb0
*default*        0x0000000000000000 0xffffffffffffffff

Linker script and memory map

LOAD c:/xilinx/sdk/2019.1/gnu/microblaze/nt/bin/../lib/gcc/microblaze-xilinx-elf/8.2.0/../../../../microblaze-xilinx-elf/lib/le/m/crt0.o
LOAD c:/xilinx/sdk/2019.1/gnu/microblaze/nt/bin/../lib/gcc/microblaze-xilinx-elf/8.2.0/le/m/crti.o
LOAD c:/xilinx/sdk/2019.1/gnu/microblaze/nt/bin/../lib/gcc/microblaze-xilinx-elf/8.2.0/le/m/crtbegin.o
LOAD c:/xilinx/sdk/2019.1/gnu/microblaze/nt/bin/../lib/gcc/microblaze-xilinx-elf/8.2.0/../../../../microblaze-xilinx-elf/lib/le/m/crtinit.o
                0x0000000000000800                _STACK_SIZE = DEFINED (_STACK_SIZE)?_STACK_SIZE:0x800
                0x0000000000002000                _HEAP_SIZE = DEFINED (_HEAP_SIZE)?_HEAP_SIZE:0x2000

.vectors.reset  0x0000000000000000        0x4
 *(.vectors.reset)
 .vectors.reset
                0x0000000000000000        0x4 c:/xilinx/sdk/2019.1/gnu/microblaze/nt/bin/../lib/gcc/microblaze-xilinx-elf/8.2.0/../../../../microblaze-xilinx-elf/lib/le/m/crt0.o
                0x0000000000000000                _start

.vectors.sw_exception
                0x0000000000000008        0x8
 *(.vectors.sw_exception)
 .vectors.sw_exception
                0x0000000000000008        0x8 c:/xilinx/sdk/2019.1/gnu/microblaze/nt/bin/../lib/gcc/microblaze-xilinx-elf/8.2.0/../../../../microblaze-xilinx-elf/lib/le/m/crt0.o

.vectors.interrupt
                0x0000000000000010        0x8
 *(.vectors.interrupt)
 .vectors.interrupt
                0x0000000000000010        0x8 c:/xilinx/sdk/2019.1/gnu/microblaze/nt/bin/../lib/gcc/microblaze-xilinx-elf/8.2.0/../../../../microblaze-xilinx-elf/lib/le/m/crt0.o

.vectors.hw_exception
                0x0000000000000020        0x4
 *(.vectors.hw_exception)
 .vectors.hw_exception
                0x0000000000000020        0x4 c:/xilinx/sdk/2019.1/gnu/microblaze/nt/bin/../lib/gcc/microblaze-xilinx-elf/8.2.0/../../../../microblaze-xilinx-elf/lib/le/m/crt0.o

.text           0x0000000000000050    0x1832c
 *(.text)
 .text          0x0000000000000050       0x2c c:/xilinx/sdk/2019.1/gnu/microblaze/nt/bin/../lib/gcc/microblaze-xilinx-elf/8.2.0/../../../../microblaze-xilinx-elf/lib/le/m/crt0.o
                0x0000000000000050                _start1
                0x0000000000000078                _exit
 .text          0x000000000000007c      0x244 c:/xilinx/sdk/2019.1/gnu/microblaze/nt/bin/../lib/gcc/microblaze-xilinx-elf/8.2.0/le/m/crtbegin.o
 .text          0x00000000000002c0       0xb0 c:/xilinx/sdk/2019.1/gnu/microblaze/nt/bin/../lib/gcc/microblaze-xilinx-elf/8.2.0/../../../../microblaze-xilinx-elf/lib/le/m/crtinit.o
                0x00000000000002c0                _crtinit
 .text          0x0000000000000370     0x3288 C:\Users\Olivier\AppData\Local\Temp\ccyKUv9C.ltrans0.ltrans.o
 .text          0x00000000000035f8       0x14 ../../standalone_bsp_1/microblaze_0/lib\libxil.a(microblaze_enable_exceptions.o)
                0x00000000000035f8                microblaze_enable_exceptions
 .text          0x000000000000360c       0x14 ../../standalone_bsp_1/microblaze_0/lib\libxil.a(microblaze_enable_interrupts.o)
                0x000000000000360c                microblaze_enable_interrupts
 .text          0x0000000000003620      0x118 ../../standalone_bsp_1/microblaze_0/lib\libxil.a(hw_exception_handler.o)
                0x0000000000003620                _hw_exception_handler
 .text          0x0000000000003738       0x64 ../../standalone_bsp_1/microblaze_0/lib\libc.a(lib_a-exit.o)
                0x0000000000003738                exit
 .text          0x000000000000379c      0x1e0 ../../standalone_bsp_1/microblaze_0/lib\libc.a(lib_a-locale.o)
                0x0000000000003804                _setlocale_r
                0x0000000000003898                __locale_mb_cur_max
                0x00000000000038d0                __locale_ctype_ptr_l
                0x00000000000038fc                __locale_ctype_ptr
                0x0000000000003930                setlocale
 .text          0x000000000000397c      0x164 ../../standalone_bsp_1/microblaze_0/lib\libc.a(lib_a-mbtowc_r.o)
                0x00000000000039e4                _mbtowc_r
                0x0000000000003a48                __ascii_mbtowc
 .text          0x0000000000003ae0      0x128 ../../standalone_bsp_1/microblaze_0/lib\libc.a(lib_a-strcmp.o)
                0x0000000000003ae0                strcmp
 .text          0x0000000000003c08       0xb0 ../../standalone_bsp_1/microblaze_0/lib\libc.a(lib_a-strlen.o)
                0x0000000000003c08                strlen
 .text          0x0000000000003cb8      0x144 ../../standalone_bsp_1/microblaze_0/lib\libc.a(lib_a-wctomb_r.o)
                0x0000000000003d20                _wctomb_r
                0x0000000000003d7c                __ascii_wctomb
 .text          0x0000000000003dfc      0x228 ../../standalone_bsp_1/microblaze_0/lib\libc.a(lib_a-__call_atexit.o)
                0x0000000000003dfc                __call_exitprocs
 .text          0x0000000000004024       0x8c ../../standalone_bsp_1/microblaze_0/lib\libc.a(lib_a-malloc.o)
                0x0000000000004024                malloc
                0x0000000000004068                free
 .text          0x00000000000040b0     0x1548 ../../standalone_bsp_1/microblaze_0/lib\libc.a(lib_a-mallocr.o)
                0x000000000000447c                _malloc_r
 .text          0x00000000000055f8      0x13c ../../standalone_bsp_1/microblaze_0/lib\libc.a(lib_a-memcmp.o)
                0x00000000000055f8                memcmp
 .text          0x0000000000005734      0x19c ../../standalone_bsp_1/microblaze_0/lib\libc.a(lib_a-memcpy.o)
                0x0000000000005734                memcpy
 .text          0x00000000000058d0      0x1fc ../../standalone_bsp_1/microblaze_0/lib\libc.a(lib_a-memset.o)
                0x00000000000058d0                memset
 .text          0x0000000000005acc       0x50 ../../standalone_bsp_1/microblaze_0/lib\libc.a(lib_a-mlock.o)
                0x0000000000005acc                __malloc_lock
                0x0000000000005af4                __malloc_unlock
 .text          0x0000000000005b1c       0x78 ../../standalone_bsp_1/microblaze_0/lib\libc.a(lib_a-sbrkr.o)
                0x0000000000005b1c                _sbrk_r
 .text          0x0000000000005b94      0x168 ../../standalone_bsp_1/microblaze_0/lib\libc.a(lib_a-sprintf.o)
                0x0000000000005b94                _sprintf_r
                0x0000000000005c44                sprintf
 .text          0x0000000000005cfc      0x164 ../../standalone_bsp_1/microblaze_0/lib\libc.a(lib_a-strncpy.o)
                0x0000000000005cfc                strncpy
 .text          0x0000000000005e60     0x2ef0 ../../standalone_bsp_1/microblaze_0/lib\libc.a(lib_a-svfprintf.o)
                0x0000000000005e60                _svfprintf_r
 .text          0x0000000000008d50     0x2644 ../../standalone_bsp_1/microblaze_0/lib\libc.a(lib_a-dtoa.o)
                0x0000000000009448                _dtoa_r
 .text          0x000000000000b394      0xad8 ../../standalone_bsp_1/microblaze_0/lib\libc.a(lib_a-freer.o)
                0x000000000000b394                _free_r
                0x000000000000bc58                _malloc_trim_r
 .text          0x000000000000be6c      0x170 ../../standalone_bsp_1/microblaze_0/lib\libc.a(lib_a-localeconv.o)
                0x000000000000bf04                __localeconv_l
                0x000000000000bf60                _localeconv_r
                0x000000000000bfa0                localeconv
 .text          0x000000000000bfdc      0x1e0 ../../standalone_bsp_1/microblaze_0/lib\libc.a(lib_a-memchr.o)
                0x000000000000bfdc                memchr
 .text          0x000000000000c1bc     0x24b0 ../../standalone_bsp_1/microblaze_0/lib\libc.a(lib_a-mprec.o)
                0x000000000000c1bc                _Balloc
                0x000000000000c388                _Bfree
                0x000000000000c47c                __multadd
                0x000000000000c6f0                __s2b
                0x000000000000c894                __hi0bits
                0x000000000000c93c                __lo0bits
                0x000000000000cac0                __i2b
                0x000000000000cb20                __multiply
                0x000000000000d154                __pow5mult
                0x000000000000d358                __lshift
                0x000000000000d5a8                __mcmp
                0x000000000000d6bc                __mdiff
                0x000000000000db4c                __ulp
                0x000000000000dca4                __b2d
                0x000000000000df64                __d2b
                0x000000000000e22c                __ratio
                0x000000000000e350                _mprec_log10
                0x000000000000e40c                __copybits
                0x000000000000e4f0                __any_on
 .text          0x000000000000e66c      0x1d8 ../../standalone_bsp_1/microblaze_0/lib\libc.a(lib_a-s_frexp.o)
                0x000000000000e66c                frexp
 .text          0x000000000000e844     0x178c ../../standalone_bsp_1/microblaze_0/lib\libc.a(lib_a-svfiprintf.o)
                0x000000000000e844                __ssprint_r
                0x000000000000ebd8                _svfiprintf_r
 .text          0x000000000000ffd0      0x184 ../../standalone_bsp_1/microblaze_0/lib\libc.a(lib_a-callocr.o)
                0x000000000000ffd0                _calloc_r
 .text          0x0000000000010154      0x228 ../../standalone_bsp_1/microblaze_0/lib\libc.a(lib_a-memmove.o)
                0x0000000000010154                memmove
 .text          0x000000000001037c      0xcc0 ../../standalone_bsp_1/microblaze_0/lib\libc.a(lib_a-reallocr.o)
                0x000000000001037c                _realloc_r
 .text          0x000000000001103c        0x4 ../../standalone_bsp_1/microblaze_0/lib\libgloss.a(_exception_handler.o)
                0x000000000001103c                _exception_handler
 .text          0x0000000000011040        0x8 ../../standalone_bsp_1/microblaze_0/lib\libgloss.a(_program_clean.o)
                0x0000000000011040                _program_clean
 .text          0x0000000000011048        0x8 ../../standalone_bsp_1/microblaze_0/lib\libgloss.a(_program_init.o)
                0x0000000000011048                _program_init
 .text          0x0000000000011050       0x64 ../../standalone_bsp_1/microblaze_0/lib\libgloss.a(sbrk.o)
                0x0000000000011050                sbrk
 .text          0x00000000000110b4      0xd54 ../../standalone_bsp_1/microblaze_0/lib\libgcc.a(_udivdi3.o)
                0x00000000000110b4                __udivdi3
 .text          0x0000000000011e08      0xd9c ../../standalone_bsp_1/microblaze_0/lib\libgcc.a(_umoddi3.o)
                0x0000000000011e08                __umoddi3
 .text          0x0000000000012ba4      0x7a4 ../../standalone_bsp_1/microblaze_0/lib\libgcc.a(_addsub_df.o)
                0x0000000000013274                __adddf3
                0x00000000000132d8                __subdf3
 .text          0x0000000000013348      0x648 ../../standalone_bsp_1/microblaze_0/lib\libgcc.a(_mul_df.o)
                0x0000000000013348                __muldf3
 .text          0x0000000000013990      0x350 ../../standalone_bsp_1/microblaze_0/lib\libgcc.a(_div_df.o)
                0x0000000000013990                __divdf3
 .text          0x0000000000013ce0       0x74 ../../standalone_bsp_1/microblaze_0/lib\libgcc.a(_eq_df.o)
                0x0000000000013ce0                __eqdf2
 .text          0x0000000000013d54       0x74 ../../standalone_bsp_1/microblaze_0/lib\libgcc.a(_ne_df.o)
                0x0000000000013d54                __nedf2
 .text          0x0000000000013dc8       0x7c ../../standalone_bsp_1/microblaze_0/lib\libgcc.a(_gt_df.o)
                0x0000000000013dc8                __gtdf2
 .text          0x0000000000013e44       0x74 ../../standalone_bsp_1/microblaze_0/lib\libgcc.a(_lt_df.o)
                0x0000000000013e44                __ltdf2
 .text          0x0000000000013eb8       0x74 ../../standalone_bsp_1/microblaze_0/lib\libgcc.a(_le_df.o)
                0x0000000000013eb8                __ledf2
 .text          0x0000000000013f2c       0x7c ../../standalone_bsp_1/microblaze_0/lib\libgcc.a(_unord_df.o)
                0x0000000000013f2c                __unorddf2
 .text          0x0000000000013fa8      0x1a4 ../../standalone_bsp_1/microblaze_0/lib\libgcc.a(_si_to_df.o)
                0x0000000000013fa8                __floatsidf
 .text          0x000000000001414c      0x130 ../../standalone_bsp_1/microblaze_0/lib\libgcc.a(_df_to_si.o)
                0x000000000001414c                __fixdfsi
 .text          0x000000000001427c       0xe4 ../../standalone_bsp_1/microblaze_0/lib\libgcc.a(_usi_to_df.o)
                0x000000000001427c                __floatunsidf
 .text          0x0000000000014360       0x9c ../../standalone_bsp_1/microblaze_0/lib\libgcc.a(divsi3.o)
                0x0000000000014360                __divsi3
 .text          0x00000000000143fc       0x9c ../../standalone_bsp_1/microblaze_0/lib\libgcc.a(modsi3.o)
                0x00000000000143fc                __modsi3
 .text          0x0000000000014498       0xa8 ../../standalone_bsp_1/microblaze_0/lib\libgcc.a(udivsi3.o)
                0x0000000000014498                __udivsi3
 .text          0x0000000000014540       0xbc ../../standalone_bsp_1/microblaze_0/lib\libgcc.a(umodsi3.o)
                0x0000000000014540                __umodsi3
 .text          0x00000000000145fc      0x184 ../../standalone_bsp_1/microblaze_0/lib\libgcc.a(_muldi3.o)
                0x00000000000145fc                __muldi3
 .text          0x0000000000014780      0x154 ../../standalone_bsp_1/microblaze_0/lib\libgcc.a(_clzsi2.o)
                0x0000000000014780                __clzsi2
 .text          0x00000000000148d4      0x598 ../../standalone_bsp_1/microblaze_0/lib\libgcc.a(_pack_df.o)
                0x00000000000148d4                __pack_d
 .text          0x0000000000014e6c      0x380 ../../standalone_bsp_1/microblaze_0/lib\libgcc.a(_unpack_df.o)
                0x0000000000014e6c                __unpack_d
 .text          0x00000000000151ec      0x148 ../../standalone_bsp_1/microblaze_0/lib\libgcc.a(_fpcmp_parts_df.o)
                0x00000000000151ec                __fpcmp_parts_d
 .text          0x0000000000015334       0x48 c:/xilinx/sdk/2019.1/gnu/microblaze/nt/bin/../lib/gcc/microblaze-xilinx-elf/8.2.0/le/m/crtend.o
 *(.text.*)
 .text.startup  0x000000000001537c     0x1018 C:\Users\Olivier\AppData\Local\Temp\ccyKUv9C.ltrans0.ltrans.o
                                       0x1074 (size before relaxing)
                0x000000000001537c                main
 .text.XGpio_CfgInitialize
                0x0000000000016394       0x68 ../../standalone_bsp_1/microblaze_0/lib\libxil.a(xgpio.o)
                0x0000000000016394                XGpio_CfgInitialize
 .text.XGpio_SetDataDirection
                0x00000000000163fc       0xd0 ../../standalone_bsp_1/microblaze_0/lib\libxil.a(xgpio.o)
                0x00000000000163fc                XGpio_SetDataDirection
 .text.XGpio_DiscreteRead
                0x00000000000164cc       0xf0 ../../standalone_bsp_1/microblaze_0/lib\libxil.a(xgpio.o)
                0x00000000000164cc                XGpio_DiscreteRead
 .text.XGpio_DiscreteWrite
                0x00000000000165bc       0xd4 ../../standalone_bsp_1/microblaze_0/lib\libxil.a(xgpio.o)
                0x00000000000165bc                XGpio_DiscreteWrite
 .text.XGpio_Initialize
                0x0000000000016690       0x8c ../../standalone_bsp_1/microblaze_0/lib\libxil.a(xgpio_sinit.o)
                0x0000000000016690                XGpio_Initialize
 .text.XIntc_InterruptHandler
                0x000000000001671c       0x54 ../../standalone_bsp_1/microblaze_0/lib\libxil.a(xintc_intr.o)
                0x000000000001671c                XIntc_InterruptHandler
 .text.XIntc_DeviceInterruptHandler
                0x0000000000016770      0x164 ../../standalone_bsp_1/microblaze_0/lib\libxil.a(xintc_l.o)
                0x0000000000016770                XIntc_DeviceInterruptHandler
 .text.StubHandler
                0x00000000000168d4       0x4c ../../standalone_bsp_1/microblaze_0/lib\libxil.a(xintc.o)
 .text.XIntc_Initialize
                0x0000000000016920      0x210 ../../standalone_bsp_1/microblaze_0/lib\libxil.a(xintc.o)
                                        0x214 (size before relaxing)
                0x0000000000016920                XIntc_Initialize
 .text.XIntc_Start
                0x0000000000016b30       0xe0 ../../standalone_bsp_1/microblaze_0/lib\libxil.a(xintc.o)
                0x0000000000016b30                XIntc_Start
 .text.XIntc_Connect
                0x0000000000016c10      0x104 ../../standalone_bsp_1/microblaze_0/lib\libxil.a(xintc.o)
                0x0000000000016c10                XIntc_Connect
 .text.XIntc_Enable
                0x0000000000016d14       0xd8 ../../standalone_bsp_1/microblaze_0/lib\libxil.a(xintc.o)
                0x0000000000016d14                XIntc_Enable
 .text.XIntc_Disable
                0x0000000000016dec       0xdc ../../standalone_bsp_1/microblaze_0/lib\libxil.a(xintc.o)
                0x0000000000016dec                XIntc_Disable
 .text.XIntc_Acknowledge
                0x0000000000016ec8       0xd0 ../../standalone_bsp_1/microblaze_0/lib\libxil.a(xintc.o)
                0x0000000000016ec8                XIntc_Acknowledge
 .text.StubStatusHandler
                0x0000000000016f98       0x30 ../../standalone_bsp_1/microblaze_0/lib\libxil.a(xspi.o)
 .text.XSpi_Reset
                0x0000000000016fc8       0xcc ../../standalone_bsp_1/microblaze_0/lib\libxil.a(xspi.o)
                0x0000000000016fc8                XSpi_Reset
 .text.XSpi_CfgInitialize
                0x0000000000017094      0x1a8 ../../standalone_bsp_1/microblaze_0/lib\libxil.a(xspi.o)
                                        0x1ac (size before relaxing)
                0x0000000000017094                XSpi_CfgInitialize
 .text.XSpi_LookupConfig
                0x000000000001723c       0x20 ../../standalone_bsp_1/microblaze_0/lib\libxil.a(xspi_sinit.o)
                0x000000000001723c                XSpi_LookupConfig
 .text.print    0x000000000001725c       0x44 ../../standalone_bsp_1/microblaze_0/lib\libxil.a(print.o)
                0x000000000001725c                print
 .text.Xil_Assert
                0x00000000000172a0       0x48 ../../standalone_bsp_1/microblaze_0/lib\libxil.a(xil_assert.o)
                0x00000000000172a0                Xil_Assert
 .text.XNullHandler
                0x00000000000172e8        0x8 ../../standalone_bsp_1/microblaze_0/lib\libxil.a(xil_assert.o)
                0x00000000000172e8                XNullHandler
 .text.__interrupt_handler
                0x00000000000172f0       0xa4 ../../standalone_bsp_1/microblaze_0/lib\libxil.a(microblaze_interrupt_handler.o)
                0x00000000000172f0                __interrupt_handler
                0x00000000000172f0                _interrupt_handler
 .text.getnum   0x0000000000017394       0xe0 ../../standalone_bsp_1/microblaze_0/lib\libxil.a(xil_printf.o)
 .text.padding.part.0
                0x0000000000017474       0x58 ../../standalone_bsp_1/microblaze_0/lib\libxil.a(xil_printf.o)
 .text.outnum   0x00000000000174cc      0x1d0 ../../standalone_bsp_1/microblaze_0/lib\libxil.a(xil_printf.o)
                                        0x1d8 (size before relaxing)
 .text.xil_printf
                0x000000000001769c      0x460 ../../standalone_bsp_1/microblaze_0/lib\libxil.a(xil_printf.o)
                                        0x488 (size before relaxing)
                0x000000000001769c                xil_printf
 .text.outbyte  0x0000000000017afc       0x28 ../../standalone_bsp_1/microblaze_0/lib\libxil.a(outbyte.o)
                0x0000000000017afc                outbyte
 .text.Xil_ExceptionInit
                0x0000000000017b24        0x8 ../../standalone_bsp_1/microblaze_0/lib\libxil.a(xil_exception.o)
                0x0000000000017b24                Xil_ExceptionInit
 .text.Xil_ExceptionEnable
                0x0000000000017b2c       0x2c ../../standalone_bsp_1/microblaze_0/lib\libxil.a(xil_exception.o)
                0x0000000000017b2c                Xil_ExceptionEnable
 .text.Xil_ExceptionRegisterHandler
                0x0000000000017b58       0x34 ../../standalone_bsp_1/microblaze_0/lib\libxil.a(xil_exception.o)
                0x0000000000017b58                Xil_ExceptionRegisterHandler
 .text.XUartLite_SelfTest
                0x0000000000017b8c      0x134 ../../standalone_bsp_1/microblaze_0/lib\libxil.a(xuartlite_selftest.o)
                0x0000000000017b8c                XUartLite_SelfTest
 .text.XUartLite_SendByte
                0x0000000000017cc0       0x1c ../../standalone_bsp_1/microblaze_0/lib\libxil.a(xuartlite_l.o)
                0x0000000000017cc0                XUartLite_SendByte
 .text.StubHandler
                0x0000000000017cdc       0x34 ../../standalone_bsp_1/microblaze_0/lib\libxil.a(xuartlite.o)
 .text.XUartLite_CfgInitialize
                0x0000000000017d10       0x98 ../../standalone_bsp_1/microblaze_0/lib\libxil.a(xuartlite.o)
                0x0000000000017d10                XUartLite_CfgInitialize
 .text.XUartLite_ResetFifos
                0x0000000000017da8       0x98 ../../standalone_bsp_1/microblaze_0/lib\libxil.a(xuartlite.o)
                0x0000000000017da8                XUartLite_ResetFifos
 .text.XUartLite_SendBuffer
                0x0000000000017e40       0x98 ../../standalone_bsp_1/microblaze_0/lib\libxil.a(xuartlite.o)
                0x0000000000017e40                XUartLite_SendBuffer
 .text.XUartLite_Send
                0x0000000000017ed8      0x14c ../../standalone_bsp_1/microblaze_0/lib\libxil.a(xuartlite.o)
                0x0000000000017ed8                XUartLite_Send
 .text.XUartLite_ReceiveBuffer
                0x0000000000018024       0xc4 ../../standalone_bsp_1/microblaze_0/lib\libxil.a(xuartlite.o)
                0x0000000000018024                XUartLite_ReceiveBuffer
 .text.XUartLite_Recv
                0x00000000000180e8      0x14c ../../standalone_bsp_1/microblaze_0/lib\libxil.a(xuartlite.o)
                0x00000000000180e8                XUartLite_Recv
 .text.XUartLite_Initialize
                0x0000000000018234       0x98 ../../standalone_bsp_1/microblaze_0/lib\libxil.a(xuartlite_sinit.o)
                0x0000000000018234                XUartLite_Initialize
 .text.XUartLite_ClearStats
                0x00000000000182cc       0xa0 ../../standalone_bsp_1/microblaze_0/lib\libxil.a(xuartlite_stats.o)
                0x00000000000182cc                XUartLite_ClearStats
 .text.__errno  0x000000000001836c       0x10 ../../standalone_bsp_1/microblaze_0/lib\libxil.a(errno.o)
                0x000000000001836c                __errno
 *(.gnu.linkonce.t.*)

.init           0x000000000001837c       0x3c
 *(.init)
 .init          0x000000000001837c       0x18 c:/xilinx/sdk/2019.1/gnu/microblaze/nt/bin/../lib/gcc/microblaze-xilinx-elf/8.2.0/le/m/crti.o
                0x000000000001837c                __init
 .init          0x0000000000018394        0xc c:/xilinx/sdk/2019.1/gnu/microblaze/nt/bin/../lib/gcc/microblaze-xilinx-elf/8.2.0/le/m/crtbegin.o
 .init          0x00000000000183a0        0xc c:/xilinx/sdk/2019.1/gnu/microblaze/nt/bin/../lib/gcc/microblaze-xilinx-elf/8.2.0/le/m/crtend.o
 .init          0x00000000000183ac        0xc c:/xilinx/sdk/2019.1/gnu/microblaze/nt/bin/../lib/gcc/microblaze-xilinx-elf/8.2.0/le/m/crtn.o

.fini           0x00000000000183b8       0x20
 *(.fini)
 .fini          0x00000000000183b8        0x8 c:/xilinx/sdk/2019.1/gnu/microblaze/nt/bin/../lib/gcc/microblaze-xilinx-elf/8.2.0/le/m/crti.o
                0x00000000000183b8                __fini
 .fini          0x00000000000183c0        0xc c:/xilinx/sdk/2019.1/gnu/microblaze/nt/bin/../lib/gcc/microblaze-xilinx-elf/8.2.0/le/m/crtbegin.o
 .fini          0x00000000000183cc        0xc c:/xilinx/sdk/2019.1/gnu/microblaze/nt/bin/../lib/gcc/microblaze-xilinx-elf/8.2.0/le/m/crtn.o

.ctors          0x00000000000183d8        0x8
                0x00000000000183d8                __CTOR_LIST__ = .
                0x00000000000183d8                ___CTORS_LIST___ = .
 *crtbegin.o(.ctors)
 .ctors         0x00000000000183d8        0x4 c:/xilinx/sdk/2019.1/gnu/microblaze/nt/bin/../lib/gcc/microblaze-xilinx-elf/8.2.0/le/m/crtbegin.o
 *(EXCLUDE_FILE(*crtend.o) .ctors)
 *(SORT_BY_NAME(.ctors.*))
 *(.ctors)
 .ctors         0x00000000000183dc        0x4 c:/xilinx/sdk/2019.1/gnu/microblaze/nt/bin/../lib/gcc/microblaze-xilinx-elf/8.2.0/le/m/crtend.o
                0x00000000000183e0                __CTOR_END__ = .
                0x00000000000183e0                ___CTORS_END___ = .

.dtors          0x00000000000183e0        0x8
                0x00000000000183e0                __DTOR_LIST__ = .
                0x00000000000183e0                ___DTORS_LIST___ = .
 *crtbegin.o(.dtors)
 .dtors         0x00000000000183e0        0x4 c:/xilinx/sdk/2019.1/gnu/microblaze/nt/bin/../lib/gcc/microblaze-xilinx-elf/8.2.0/le/m/crtbegin.o
 *(EXCLUDE_FILE(*crtend.o) .dtors)
 *(SORT_BY_NAME(.dtors.*))
 *(.dtors)
 .dtors         0x00000000000183e4        0x4 c:/xilinx/sdk/2019.1/gnu/microblaze/nt/bin/../lib/gcc/microblaze-xilinx-elf/8.2.0/le/m/crtend.o
                0x00000000000183e4                __DTOR_END__
                [!provide]                        PROVIDE (__DTOR_END__ = .)
                [!provide]                        PROVIDE (___DTORS_END___ = .)

.rodata         0x00000000000183e8      0xc58
                0x00000000000183e8                __rodata_start = .
 *(.rodata)
 .rodata        0x00000000000183e8      0x1a2 C:\Users\Olivier\AppData\Local\Temp\ccyKUv9C.ltrans0.ltrans.o
 *fill*         0x000000000001858a        0x2 
 .rodata        0x000000000001858c        0x8 ../../standalone_bsp_1/microblaze_0/lib\libxil.a(xgpio.o)
 .rodata        0x0000000000018594        0xe ../../standalone_bsp_1/microblaze_0/lib\libxil.a(xgpio_sinit.o)
 *fill*         0x00000000000185a2        0x2 
 .rodata        0x00000000000185a4        0xd ../../standalone_bsp_1/microblaze_0/lib\libxil.a(xintc_intr.o)
 *fill*         0x00000000000185b1        0x3 
 .rodata        0x00000000000185b4        0x8 ../../standalone_bsp_1/microblaze_0/lib\libxil.a(xintc.o)
 .rodata        0x00000000000185bc        0x7 ../../standalone_bsp_1/microblaze_0/lib\libxil.a(xspi.o)
 *fill*         0x00000000000185c3        0x1 
 .rodata        0x00000000000185c4       0x11 ../../standalone_bsp_1/microblaze_0/lib\libxil.a(xil_printf.o)
 *fill*         0x00000000000185d5        0x3 
 .rodata        0x00000000000185d8       0x15 ../../standalone_bsp_1/microblaze_0/lib\libxil.a(xuartlite_selftest.o)
 *fill*         0x00000000000185ed        0x3 
 .rodata        0x00000000000185f0        0xc ../../standalone_bsp_1/microblaze_0/lib\libxil.a(xuartlite.o)
 .rodata        0x00000000000185fc       0x12 ../../standalone_bsp_1/microblaze_0/lib\libxil.a(xuartlite_sinit.o)
 *fill*         0x000000000001860e        0x2 
 .rodata        0x0000000000018610       0x12 ../../standalone_bsp_1/microblaze_0/lib\libxil.a(xuartlite_stats.o)
 *fill*         0x0000000000018622        0x2 
 .rodata        0x0000000000018624        0x4 ../../standalone_bsp_1/microblaze_0/lib\libc.a(lib_a-impure.o)
                0x0000000000018624                _global_impure_ptr
 .rodata        0x0000000000018628       0x12 ../../standalone_bsp_1/microblaze_0/lib\libc.a(lib_a-locale.o)
 *fill*         0x000000000001863a        0x2 
 .rodata        0x000000000001863c      0x281 ../../standalone_bsp_1/microblaze_0/lib\libc.a(lib_a-ctype_.o)
                0x000000000001863c                _ctype_b
                0x00000000000187bc                _ctype_
 *fill*         0x00000000000188bd        0x3 
 .rodata        0x00000000000188c0      0x1f4 ../../standalone_bsp_1/microblaze_0/lib\libc.a(lib_a-svfprintf.o)
 .rodata        0x0000000000018ab4       0x2c ../../standalone_bsp_1/microblaze_0/lib\libc.a(lib_a-dtoa.o)
 .rodata        0x0000000000018ae0      0x124 ../../standalone_bsp_1/microblaze_0/lib\libc.a(lib_a-mprec.o)
                0x0000000000018ae0                __mprec_tens
                0x0000000000018ba8                __mprec_bigtens
                0x0000000000018bd0                __mprec_tinytens
 .rodata        0x0000000000018c04      0x1d8 ../../standalone_bsp_1/microblaze_0/lib\libc.a(lib_a-svfiprintf.o)
 .rodata        0x0000000000018ddc       0x14 ../../standalone_bsp_1/microblaze_0/lib\libgcc.a(_thenan_df.o)
                0x0000000000018ddc                __thenan_df
 .rodata        0x0000000000018df0      0x100 ../../standalone_bsp_1/microblaze_0/lib\libgcc.a(_clz.o)
                0x0000000000018df0                __clz_tab
 *(.rodata.*)
 .rodata.xil_printf
                0x0000000000018ef0      0x150 ../../standalone_bsp_1/microblaze_0/lib\libxil.a(xil_printf.o)
 *(.gnu.linkonce.r.*)
                0x0000000000019040                __rodata_end = .

.rela.dyn       0x0000000000019040        0x0
 .rela.text     0x0000000000019040        0x0 c:/xilinx/sdk/2019.1/gnu/microblaze/nt/bin/../lib/gcc/microblaze-xilinx-elf/8.2.0/../../../../microblaze-xilinx-elf/lib/le/m/crt0.o
 .rela.vectors.sw_exception
                0x0000000000019040        0x0 c:/xilinx/sdk/2019.1/gnu/microblaze/nt/bin/../lib/gcc/microblaze-xilinx-elf/8.2.0/../../../../microblaze-xilinx-elf/lib/le/m/crt0.o
 .rela.text.XGpio_CfgInitialize
                0x0000000000019040        0x0 c:/xilinx/sdk/2019.1/gnu/microblaze/nt/bin/../lib/gcc/microblaze-xilinx-elf/8.2.0/../../../../microblaze-xilinx-elf/lib/le/m/crt0.o
 .rela.text.XGpio_SetDataDirection
                0x0000000000019040        0x0 c:/xilinx/sdk/2019.1/gnu/microblaze/nt/bin/../lib/gcc/microblaze-xilinx-elf/8.2.0/../../../../microblaze-xilinx-elf/lib/le/m/crt0.o
 .rela.text.XGpio_DiscreteRead
                0x0000000000019040        0x0 c:/xilinx/sdk/2019.1/gnu/microblaze/nt/bin/../lib/gcc/microblaze-xilinx-elf/8.2.0/../../../../microblaze-xilinx-elf/lib/le/m/crt0.o
 .rela.text.XGpio_DiscreteWrite
                0x0000000000019040        0x0 c:/xilinx/sdk/2019.1/gnu/microblaze/nt/bin/../lib/gcc/microblaze-xilinx-elf/8.2.0/../../../../microblaze-xilinx-elf/lib/le/m/crt0.o
 .rela.text.XGpio_Initialize
                0x0000000000019040        0x0 c:/xilinx/sdk/2019.1/gnu/microblaze/nt/bin/../lib/gcc/microblaze-xilinx-elf/8.2.0/../../../../microblaze-xilinx-elf/lib/le/m/crt0.o
 .rela.text.XIntc_InterruptHandler
                0x0000000000019040        0x0 c:/xilinx/sdk/2019.1/gnu/microblaze/nt/bin/../lib/gcc/microblaze-xilinx-elf/8.2.0/../../../../microblaze-xilinx-elf/lib/le/m/crt0.o
 .rela.text.StubHandler
                0x0000000000019040        0x0 c:/xilinx/sdk/2019.1/gnu/microblaze/nt/bin/../lib/gcc/microblaze-xilinx-elf/8.2.0/../../../../microblaze-xilinx-elf/lib/le/m/crt0.o
 .rela.text.XIntc_Initialize
                0x0000000000019040        0x0 c:/xilinx/sdk/2019.1/gnu/microblaze/nt/bin/../lib/gcc/microblaze-xilinx-elf/8.2.0/../../../../microblaze-xilinx-elf/lib/le/m/crt0.o
 .rela.text.XIntc_Start
                0x0000000000019040        0x0 c:/xilinx/sdk/2019.1/gnu/microblaze/nt/bin/../lib/gcc/microblaze-xilinx-elf/8.2.0/../../../../microblaze-xilinx-elf/lib/le/m/crt0.o
 .rela.text.XIntc_Connect
                0x0000000000019040        0x0 c:/xilinx/sdk/2019.1/gnu/microblaze/nt/bin/../lib/gcc/microblaze-xilinx-elf/8.2.0/../../../../microblaze-xilinx-elf/lib/le/m/crt0.o
 .rela.text.XIntc_Enable
                0x0000000000019040        0x0 c:/xilinx/sdk/2019.1/gnu/microblaze/nt/bin/../lib/gcc/microblaze-xilinx-elf/8.2.0/../../../../microblaze-xilinx-elf/lib/le/m/crt0.o
 .rela.text.XIntc_Disable
                0x0000000000019040        0x0 c:/xilinx/sdk/2019.1/gnu/microblaze/nt/bin/../lib/gcc/microblaze-xilinx-elf/8.2.0/../../../../microblaze-xilinx-elf/lib/le/m/crt0.o
 .rela.text.XIntc_Acknowledge
                0x0000000000019040        0x0 c:/xilinx/sdk/2019.1/gnu/microblaze/nt/bin/../lib/gcc/microblaze-xilinx-elf/8.2.0/../../../../microblaze-xilinx-elf/lib/le/m/crt0.o
 .rela.text.StubStatusHandler
                0x0000000000019040        0x0 c:/xilinx/sdk/2019.1/gnu/microblaze/nt/bin/../lib/gcc/microblaze-xilinx-elf/8.2.0/../../../../microblaze-xilinx-elf/lib/le/m/crt0.o
 .rela.text.XSpi_Reset
                0x0000000000019040        0x0 c:/xilinx/sdk/2019.1/gnu/microblaze/nt/bin/../lib/gcc/microblaze-xilinx-elf/8.2.0/../../../../microblaze-xilinx-elf/lib/le/m/crt0.o
 .rela.text.XSpi_CfgInitialize
                0x0000000000019040        0x0 c:/xilinx/sdk/2019.1/gnu/microblaze/nt/bin/../lib/gcc/microblaze-xilinx-elf/8.2.0/../../../../microblaze-xilinx-elf/lib/le/m/crt0.o
 .rela.text.XUartLite_SelfTest
                0x0000000000019040        0x0 c:/xilinx/sdk/2019.1/gnu/microblaze/nt/bin/../lib/gcc/microblaze-xilinx-elf/8.2.0/../../../../microblaze-xilinx-elf/lib/le/m/crt0.o
 .rela.text.XUartLite_CfgInitialize
                0x0000000000019040        0x0 c:/xilinx/sdk/2019.1/gnu/microblaze/nt/bin/../lib/gcc/microblaze-xilinx-elf/8.2.0/../../../../microblaze-xilinx-elf/lib/le/m/crt0.o
 .rela.text.XUartLite_ResetFifos
                0x0000000000019040        0x0 c:/xilinx/sdk/2019.1/gnu/microblaze/nt/bin/../lib/gcc/microblaze-xilinx-elf/8.2.0/../../../../microblaze-xilinx-elf/lib/le/m/crt0.o
 .rela.text.XUartLite_Send
                0x0000000000019040        0x0 c:/xilinx/sdk/2019.1/gnu/microblaze/nt/bin/../lib/gcc/microblaze-xilinx-elf/8.2.0/../../../../microblaze-xilinx-elf/lib/le/m/crt0.o
 .rela.text.XUartLite_Recv
                0x0000000000019040        0x0 c:/xilinx/sdk/2019.1/gnu/microblaze/nt/bin/../lib/gcc/microblaze-xilinx-elf/8.2.0/../../../../microblaze-xilinx-elf/lib/le/m/crt0.o
 .rela.text.XUartLite_Initialize
                0x0000000000019040        0x0 c:/xilinx/sdk/2019.1/gnu/microblaze/nt/bin/../lib/gcc/microblaze-xilinx-elf/8.2.0/../../../../microblaze-xilinx-elf/lib/le/m/crt0.o
 .rela.text.XUartLite_ClearStats
                0x0000000000019040        0x0 c:/xilinx/sdk/2019.1/gnu/microblaze/nt/bin/../lib/gcc/microblaze-xilinx-elf/8.2.0/../../../../microblaze-xilinx-elf/lib/le/m/crt0.o
 .rela.data     0x0000000000019040        0x0 c:/xilinx/sdk/2019.1/gnu/microblaze/nt/bin/../lib/gcc/microblaze-xilinx-elf/8.2.0/../../../../microblaze-xilinx-elf/lib/le/m/crt0.o

.sdata2         0x0000000000019040        0x0
                0x0000000000019040                . = ALIGN (0x8)
                0x0000000000019040                __sdata2_start = .
 *(.sdata2)
 *(.sdata2.*)
 *(.gnu.linkonce.s2.*)
                0x0000000000019040                . = ALIGN (0x8)
                0x0000000000019040                __sdata2_end = .

.sbss2          0x0000000000019040        0x0
                0x0000000000019040                __sbss2_start = .
 *(.sbss2)
 *(.sbss2.*)
 *(.gnu.linkonce.sb2.*)
                0x0000000000019040                __sbss2_end = .

.data           0x0000000000019040      0x730
                0x0000000000019040                . = ALIGN (0x4)
                0x0000000000019040                __data_start = .
 *(.data)
 .data          0x0000000000019040       0x44 ../../standalone_bsp_1/microblaze_0/lib\libxil.a(hw_exception_handler.o)
                0x0000000000019044                MB_ExceptionVectorTable
 .data          0x0000000000019084       0xf4 ../../standalone_bsp_1/microblaze_0/lib\libc.a(lib_a-impure.o)
                0x0000000000019174                _impure_ptr
 .data          0x0000000000019178      0x16c ../../standalone_bsp_1/microblaze_0/lib\libc.a(lib_a-locale.o)
                0x0000000000019178                __global_locale
 .data          0x00000000000192e4      0x410 ../../standalone_bsp_1/microblaze_0/lib\libc.a(lib_a-mallocr.o)
                0x00000000000192e4                __malloc_av_
                0x00000000000196ec                __malloc_trim_threshold
                0x00000000000196f0                __malloc_sbrk_base
 *(.data.*)
 .data.XSpi_ConfigTable
                0x00000000000196f4       0x1c ../../standalone_bsp_1/microblaze_0/lib\libxil.a(xspi_g.o)
                0x00000000000196f4                XSpi_ConfigTable
 .data.Xil_AssertWait
                0x0000000000019710        0x4 ../../standalone_bsp_1/microblaze_0/lib\libxil.a(xil_assert.o)
                0x0000000000019710                Xil_AssertWait
 .data.XGpio_ConfigTable
                0x0000000000019714       0x10 ../../standalone_bsp_1/microblaze_0/lib\libxil.a(xgpio_g.o)
                0x0000000000019714                XGpio_ConfigTable
 .data.XIntc_ConfigTable
                0x0000000000019724       0x34 ../../standalone_bsp_1/microblaze_0/lib\libxil.a(xintc_g.o)
                0x0000000000019724                XIntc_ConfigTable
 .data.MB_InterruptVectorTable
                0x0000000000019758        0x8 ../../standalone_bsp_1/microblaze_0/lib\libxil.a(microblaze_interrupts_g.o)
                0x0000000000019758                MB_InterruptVectorTable
 .data.XUartLite_ConfigTable
                0x0000000000019760       0x10 ../../standalone_bsp_1/microblaze_0/lib\libxil.a(xuartlite_g.o)
                0x0000000000019760                XUartLite_ConfigTable
 *(.gnu.linkonce.d.*)
                0x0000000000019770                __data_end = .

.tm_clone_table
                0x0000000000019770        0x0
 .tm_clone_table
                0x0000000000019770        0x0 c:/xilinx/sdk/2019.1/gnu/microblaze/nt/bin/../lib/gcc/microblaze-xilinx-elf/8.2.0/le/m/crtbegin.o
 .tm_clone_table
                0x0000000000019770        0x0 c:/xilinx/sdk/2019.1/gnu/microblaze/nt/bin/../lib/gcc/microblaze-xilinx-elf/8.2.0/le/m/crtend.o

.got
 *(.got)

.got1
 *(.got1)

.got2
 *(.got2)

.eh_frame       0x0000000000019770        0x0
 *(.eh_frame)
 .eh_frame      0x0000000000019770        0x0 c:/xilinx/sdk/2019.1/gnu/microblaze/nt/bin/../lib/gcc/microblaze-xilinx-elf/8.2.0/le/m/crtbegin.o

.jcr
 *(.jcr)

.gcc_except_table
 *(.gcc_except_table)

.sdata          0x0000000000019770        0x0
                0x0000000000019770                . = ALIGN (0x8)
                0x0000000000019770                __sdata_start = .
 *(.sdata)
 *(.sdata.*)
 *(.gnu.linkonce.s.*)
                0x0000000000019770                __sdata_end = .

.sbss           0x0000000000019770        0x0
                0x0000000000019770                . = ALIGN (0x4)
                0x0000000000019770                __sbss_start = .
 *(.sbss)
 *(.sbss.*)
 *(.gnu.linkonce.sb.*)
                0x0000000000019770                . = ALIGN (0x8)
                0x0000000000019770                __sbss_end = .

.tdata          0x0000000000019770        0x0
                0x0000000000019770                __tdata_start = .
 *(.tdata)
 *(.tdata.*)
 *(.gnu.linkonce.td.*)
                0x0000000000019770                __tdata_end = .

.tbss           0x0000000000019770        0x0
                0x0000000000019770                __tbss_start = .
 *(.tbss)
 *(.tbss.*)
 *(.gnu.linkonce.tb.*)
                0x0000000000019770                __tbss_end = .

.bss            0x0000000000019770      0xebc
                0x0000000000019770                . = ALIGN (0x4)
                0x0000000000019770                __bss_start = .
 *(.bss)
 .bss           0x0000000000019770       0x20 c:/xilinx/sdk/2019.1/gnu/microblaze/nt/bin/../lib/gcc/microblaze-xilinx-elf/8.2.0/le/m/crtbegin.o
 .bss           0x0000000000019790      0xdd8 C:\Users\Olivier\AppData\Local\Temp\ccyKUv9C.ltrans0.ltrans.o
 .bss           0x000000000001a568       0x34 ../../standalone_bsp_1/microblaze_0/lib\libc.a(lib_a-mallocr.o)
                0x000000000001a568                __malloc_top_pad
                0x000000000001a56c                __malloc_max_sbrked_mem
                0x000000000001a570                __malloc_max_total_mem
                0x000000000001a574                __malloc_current_mallinfo
 .bss           0x000000000001a59c        0x4 ../../standalone_bsp_1/microblaze_0/lib\libgloss.a(sbrk.o)
 *(.bss.*)
 .bss.Xil_AssertCallbackRoutine
                0x000000000001a5a0        0x4 ../../standalone_bsp_1/microblaze_0/lib\libxil.a(xil_assert.o)
 *(.gnu.linkonce.b.*)
 *(COMMON)
 COMMON         0x000000000001a5a4       0x80 ../../standalone_bsp_1/microblaze_0/lib\libxil.a(xintc.o)
                0x000000000001a5a4                XIntc_BitPosMask
 COMMON         0x000000000001a624        0x4 ../../standalone_bsp_1/microblaze_0/lib\libxil.a(xil_assert.o)
                0x000000000001a624                Xil_AssertStatus
 COMMON         0x000000000001a628        0x4 ../../standalone_bsp_1/microblaze_0/lib\libc.a(lib_a-reent.o)
                0x000000000001a628                errno
                0x000000000001a62c                . = ALIGN (0x4)
                0x000000000001a62c                __bss_end = .
                0x0000000000019770                _SDA_BASE_ = (__sdata_start + ((__sbss_end - __sdata_start) / 0x2))
                0x0000000000019040                _SDA2_BASE_ = (__sdata2_start + ((__sbss2_end - __sdata2_start) / 0x2))

.heap           0x000000000001a62c     0x2004
                0x000000000001a630                . = ALIGN (0x8)
 *fill*         0x000000000001a62c        0x4 
                0x000000000001a630                _heap = .
                0x000000000001a630                _heap_start = .
                0x000000000001c630                . = (. + _HEAP_SIZE)
 *fill*         0x000000000001a630     0x2000 
                0x000000000001c630                _heap_end = .

.stack          0x000000000001c630      0x800
                0x000000000001c630                _stack_end = .
                0x000000000001ce30                . = (. + _STACK_SIZE)
 *fill*         0x000000000001c630      0x800 
                0x000000000001ce30                . = ALIGN (0x8)
                0x000000000001ce30                _stack = .
                0x000000000001ce30                __stack = _stack
                0x000000000001ce30                _end = .
LOAD C:\Users\Olivier\AppData\Local\Temp\ccxbVA5Kdebugobj
LOAD C:\Users\Olivier\AppData\Local\Temp\ccyKUv9C.ltrans0.ltrans.o
START GROUP
LOAD ../../standalone_bsp_1/microblaze_0/lib\libxil.a
LOAD ../../standalone_bsp_1/microblaze_0/lib\libgcc.a
LOAD ../../standalone_bsp_1/microblaze_0/lib\libc.a
END GROUP
LOAD ../../standalone_bsp_1/microblaze_0/lib\libgcc.a
START GROUP
LOAD ../../standalone_bsp_1/microblaze_0/lib\libgloss.a
LOAD ../../standalone_bsp_1/microblaze_0/lib\libxil.a
LOAD ../../standalone_bsp_1/microblaze_0/lib\libc.a
LOAD ../../standalone_bsp_1/microblaze_0/lib\libm.a
END GROUP
LOAD ../../standalone_bsp_1/microblaze_0/lib\libgcc.a
LOAD c:/xilinx/sdk/2019.1/gnu/microblaze/nt/bin/../lib/gcc/microblaze-xilinx-elf/8.2.0/le/m/crtend.o
LOAD c:/xilinx/sdk/2019.1/gnu/microblaze/nt/bin/../lib/gcc/microblaze-xilinx-elf/8.2.0/le/m/crtn.o
OUTPUT(APP6_2019.elf elf32-microblazeel)

.debug_frame    0x0000000000000000      0x434
 .debug_frame   0x0000000000000000       0x44 ../../standalone_bsp_1/microblaze_0/lib\libgcc.a(_udivdi3.o)
 .debug_frame   0x0000000000000044       0x44 ../../standalone_bsp_1/microblaze_0/lib\libgcc.a(_umoddi3.o)
 .debug_frame   0x0000000000000088       0xc0 ../../standalone_bsp_1/microblaze_0/lib\libgcc.a(_addsub_df.o)
 .debug_frame   0x0000000000000148       0x44 ../../standalone_bsp_1/microblaze_0/lib\libgcc.a(_mul_df.o)
 .debug_frame   0x000000000000018c       0x38 ../../standalone_bsp_1/microblaze_0/lib\libgcc.a(_div_df.o)
 .debug_frame   0x00000000000001c4       0x30 ../../standalone_bsp_1/microblaze_0/lib\libgcc.a(_eq_df.o)
 .debug_frame   0x00000000000001f4       0x30 ../../standalone_bsp_1/microblaze_0/lib\libgcc.a(_ne_df.o)
 .debug_frame   0x0000000000000224       0x30 ../../standalone_bsp_1/microblaze_0/lib\libgcc.a(_gt_df.o)
 .debug_frame   0x0000000000000254       0x30 ../../standalone_bsp_1/microblaze_0/lib\libgcc.a(_lt_df.o)
 .debug_frame   0x0000000000000284       0x30 ../../standalone_bsp_1/microblaze_0/lib\libgcc.a(_le_df.o)
 .debug_frame   0x00000000000002b4       0x30 ../../standalone_bsp_1/microblaze_0/lib\libgcc.a(_unord_df.o)
 .debug_frame   0x00000000000002e4       0x30 ../../standalone_bsp_1/microblaze_0/lib\libgcc.a(_si_to_df.o)
 .debug_frame   0x0000000000000314       0x30 ../../standalone_bsp_1/microblaze_0/lib\libgcc.a(_df_to_si.o)
 .debug_frame   0x0000000000000344       0x30 ../../standalone_bsp_1/microblaze_0/lib\libgcc.a(_usi_to_df.o)
 .debug_frame   0x0000000000000374       0x30 ../../standalone_bsp_1/microblaze_0/lib\libgcc.a(_muldi3.o)
 .debug_frame   0x00000000000003a4       0x20 ../../standalone_bsp_1/microblaze_0/lib\libgcc.a(_clzsi2.o)
 .debug_frame   0x00000000000003c4       0x30 ../../standalone_bsp_1/microblaze_0/lib\libgcc.a(_pack_df.o)
 .debug_frame   0x00000000000003f4       0x20 ../../standalone_bsp_1/microblaze_0/lib\libgcc.a(_unpack_df.o)
 .debug_frame   0x0000000000000414       0x20 ../../standalone_bsp_1/microblaze_0/lib\libgcc.a(_fpcmp_parts_df.o)

.debug_info     0x0000000000000000     0x9093
 .debug_info    0x0000000000000000     0x1292 ../../standalone_bsp_1/microblaze_0/lib\libgcc.a(_udivdi3.o)
 .debug_info    0x0000000000001292     0x12f4 ../../standalone_bsp_1/microblaze_0/lib\libgcc.a(_umoddi3.o)
 .debug_info    0x0000000000002586      0x6a0 ../../standalone_bsp_1/microblaze_0/lib\libgcc.a(_addsub_df.o)
 .debug_info    0x0000000000002c26      0x63a ../../standalone_bsp_1/microblaze_0/lib\libgcc.a(_mul_df.o)
 .debug_info    0x0000000000003260      0x547 ../../standalone_bsp_1/microblaze_0/lib\libgcc.a(_div_df.o)
 .debug_info    0x00000000000037a7      0x454 ../../standalone_bsp_1/microblaze_0/lib\libgcc.a(_eq_df.o)
 .debug_info    0x0000000000003bfb      0x454 ../../standalone_bsp_1/microblaze_0/lib\libgcc.a(_ne_df.o)
 .debug_info    0x000000000000404f      0x454 ../../standalone_bsp_1/microblaze_0/lib\libgcc.a(_gt_df.o)
 .debug_info    0x00000000000044a3      0x454 ../../standalone_bsp_1/microblaze_0/lib\libgcc.a(_lt_df.o)
 .debug_info    0x00000000000048f7      0x454 ../../standalone_bsp_1/microblaze_0/lib\libgcc.a(_le_df.o)
 .debug_info    0x0000000000004d4b      0x42d ../../standalone_bsp_1/microblaze_0/lib\libgcc.a(_unord_df.o)
 .debug_info    0x0000000000005178      0x39e ../../standalone_bsp_1/microblaze_0/lib\libgcc.a(_si_to_df.o)
 .debug_info    0x0000000000005516      0x42e ../../standalone_bsp_1/microblaze_0/lib\libgcc.a(_df_to_si.o)
 .debug_info    0x0000000000005944      0x2a6 ../../standalone_bsp_1/microblaze_0/lib\libgcc.a(_thenan_df.o)
 .debug_info    0x0000000000005bea      0x3ac ../../standalone_bsp_1/microblaze_0/lib\libgcc.a(_usi_to_df.o)
 .debug_info    0x0000000000005f96       0x26 ../../standalone_bsp_1/microblaze_0/lib\libgcc.a(divsi3.o)
 .debug_info    0x0000000000005fbc       0x26 ../../standalone_bsp_1/microblaze_0/lib\libgcc.a(modsi3.o)
 .debug_info    0x0000000000005fe2       0x26 ../../standalone_bsp_1/microblaze_0/lib\libgcc.a(udivsi3.o)
 .debug_info    0x0000000000006008       0x26 ../../standalone_bsp_1/microblaze_0/lib\libgcc.a(umodsi3.o)
 .debug_info    0x000000000000602e      0xd3b ../../standalone_bsp_1/microblaze_0/lib\libgcc.a(_muldi3.o)
 .debug_info    0x0000000000006d69      0xbc7 ../../standalone_bsp_1/microblaze_0/lib\libgcc.a(_clz.o)
 .debug_info    0x0000000000007930      0xc34 ../../standalone_bsp_1/microblaze_0/lib\libgcc.a(_clzsi2.o)
 .debug_info    0x0000000000008564      0x434 ../../standalone_bsp_1/microblaze_0/lib\libgcc.a(_pack_df.o)
 .debug_info    0x0000000000008998      0x3bd ../../standalone_bsp_1/microblaze_0/lib\libgcc.a(_unpack_df.o)
 .debug_info    0x0000000000008d55      0x33e ../../standalone_bsp_1/microblaze_0/lib\libgcc.a(_fpcmp_parts_df.o)

.debug_abbrev   0x0000000000000000     0x2c1b
 .debug_abbrev  0x0000000000000000      0x294 ../../standalone_bsp_1/microblaze_0/lib\libgcc.a(_udivdi3.o)
 .debug_abbrev  0x0000000000000294      0x2bd ../../standalone_bsp_1/microblaze_0/lib\libgcc.a(_umoddi3.o)
 .debug_abbrev  0x0000000000000551      0x276 ../../standalone_bsp_1/microblaze_0/lib\libgcc.a(_addsub_df.o)
 .debug_abbrev  0x00000000000007c7      0x2b4 ../../standalone_bsp_1/microblaze_0/lib\libgcc.a(_mul_df.o)
 .debug_abbrev  0x0000000000000a7b      0x29f ../../standalone_bsp_1/microblaze_0/lib\libgcc.a(_div_df.o)
 .debug_abbrev  0x0000000000000d1a      0x1fa ../../standalone_bsp_1/microblaze_0/lib\libgcc.a(_eq_df.o)
 .debug_abbrev  0x0000000000000f14      0x1fa ../../standalone_bsp_1/microblaze_0/lib\libgcc.a(_ne_df.o)
 .debug_abbrev  0x000000000000110e      0x1fa ../../standalone_bsp_1/microblaze_0/lib\libgcc.a(_gt_df.o)
 .debug_abbrev  0x0000000000001308      0x1fa ../../standalone_bsp_1/microblaze_0/lib\libgcc.a(_lt_df.o)
 .debug_abbrev  0x0000000000001502      0x1fa ../../standalone_bsp_1/microblaze_0/lib\libgcc.a(_le_df.o)
 .debug_abbrev  0x00000000000016fc      0x1fa ../../standalone_bsp_1/microblaze_0/lib\libgcc.a(_unord_df.o)
 .debug_abbrev  0x00000000000018f6      0x207 ../../standalone_bsp_1/microblaze_0/lib\libgcc.a(_si_to_df.o)
 .debug_abbrev  0x0000000000001afd      0x1fe ../../standalone_bsp_1/microblaze_0/lib\libgcc.a(_df_to_si.o)
 .debug_abbrev  0x0000000000001cfb      0x131 ../../standalone_bsp_1/microblaze_0/lib\libgcc.a(_thenan_df.o)
 .debug_abbrev  0x0000000000001e2c      0x22c ../../standalone_bsp_1/microblaze_0/lib\libgcc.a(_usi_to_df.o)
 .debug_abbrev  0x0000000000002058       0x14 ../../standalone_bsp_1/microblaze_0/lib\libgcc.a(divsi3.o)
 .debug_abbrev  0x000000000000206c       0x14 ../../standalone_bsp_1/microblaze_0/lib\libgcc.a(modsi3.o)
 .debug_abbrev  0x0000000000002080       0x14 ../../standalone_bsp_1/microblaze_0/lib\libgcc.a(udivsi3.o)
 .debug_abbrev  0x0000000000002094       0x14 ../../standalone_bsp_1/microblaze_0/lib\libgcc.a(umodsi3.o)
 .debug_abbrev  0x00000000000020a8      0x237 ../../standalone_bsp_1/microblaze_0/lib\libgcc.a(_muldi3.o)
 .debug_abbrev  0x00000000000022df      0x1bf ../../standalone_bsp_1/microblaze_0/lib\libgcc.a(_clz.o)
 .debug_abbrev  0x000000000000249e      0x219 ../../standalone_bsp_1/microblaze_0/lib\libgcc.a(_clzsi2.o)
 .debug_abbrev  0x00000000000026b7      0x20e ../../standalone_bsp_1/microblaze_0/lib\libgcc.a(_pack_df.o)
 .debug_abbrev  0x00000000000028c5      0x1ce ../../standalone_bsp_1/microblaze_0/lib\libgcc.a(_unpack_df.o)
 .debug_abbrev  0x0000000000002a93      0x188 ../../standalone_bsp_1/microblaze_0/lib\libgcc.a(_fpcmp_parts_df.o)

.debug_loc      0x0000000000000000     0x37ff
 .debug_loc     0x0000000000000000     0x11c7 ../../standalone_bsp_1/microblaze_0/lib\libgcc.a(_udivdi3.o)
 .debug_loc     0x00000000000011c7     0x1058 ../../standalone_bsp_1/microblaze_0/lib\libgcc.a(_umoddi3.o)
 .debug_loc     0x000000000000221f      0x4a9 ../../standalone_bsp_1/microblaze_0/lib\libgcc.a(_addsub_df.o)
 .debug_loc     0x00000000000026c8      0x491 ../../standalone_bsp_1/microblaze_0/lib\libgcc.a(_mul_df.o)
 .debug_loc     0x0000000000002b59      0x218 ../../standalone_bsp_1/microblaze_0/lib\libgcc.a(_div_df.o)
 .debug_loc     0x0000000000002d71       0x50 ../../standalone_bsp_1/microblaze_0/lib\libgcc.a(_eq_df.o)
 .debug_loc     0x0000000000002dc1       0x50 ../../standalone_bsp_1/microblaze_0/lib\libgcc.a(_ne_df.o)
 .debug_loc     0x0000000000002e11       0x50 ../../standalone_bsp_1/microblaze_0/lib\libgcc.a(_gt_df.o)
 .debug_loc     0x0000000000002e61       0x50 ../../standalone_bsp_1/microblaze_0/lib\libgcc.a(_lt_df.o)
 .debug_loc     0x0000000000002eb1       0x50 ../../standalone_bsp_1/microblaze_0/lib\libgcc.a(_le_df.o)
 .debug_loc     0x0000000000002f01       0x50 ../../standalone_bsp_1/microblaze_0/lib\libgcc.a(_unord_df.o)
 .debug_loc     0x0000000000002f51       0xbb ../../standalone_bsp_1/microblaze_0/lib\libgcc.a(_si_to_df.o)
 .debug_loc     0x000000000000300c       0x3b ../../standalone_bsp_1/microblaze_0/lib\libgcc.a(_df_to_si.o)
 .debug_loc     0x0000000000003047       0x81 ../../standalone_bsp_1/microblaze_0/lib\libgcc.a(_usi_to_df.o)
 .debug_loc     0x00000000000030c8      0x145 ../../standalone_bsp_1/microblaze_0/lib\libgcc.a(_muldi3.o)
 .debug_loc     0x000000000000320d       0xda ../../standalone_bsp_1/microblaze_0/lib\libgcc.a(_clzsi2.o)
 .debug_loc     0x00000000000032e7      0x30e ../../standalone_bsp_1/microblaze_0/lib\libgcc.a(_pack_df.o)
 .debug_loc     0x00000000000035f5      0x132 ../../standalone_bsp_1/microblaze_0/lib\libgcc.a(_unpack_df.o)
 .debug_loc     0x0000000000003727       0xd8 ../../standalone_bsp_1/microblaze_0/lib\libgcc.a(_fpcmp_parts_df.o)

.debug_aranges  0x0000000000000000      0x310
 .debug_aranges
                0x0000000000000000       0x20 ../../standalone_bsp_1/microblaze_0/lib\libgcc.a(_udivdi3.o)
 .debug_aranges
                0x0000000000000020       0x20 ../../standalone_bsp_1/microblaze_0/lib\libgcc.a(_umoddi3.o)
 .debug_aranges
                0x0000000000000040       0x20 ../../standalone_bsp_1/microblaze_0/lib\libgcc.a(_addsub_df.o)
 .debug_aranges
                0x0000000000000060       0x20 ../../standalone_bsp_1/microblaze_0/lib\libgcc.a(_mul_df.o)
 .debug_aranges
                0x0000000000000080       0x20 ../../standalone_bsp_1/microblaze_0/lib\libgcc.a(_div_df.o)
 .debug_aranges
                0x00000000000000a0       0x20 ../../standalone_bsp_1/microblaze_0/lib\libgcc.a(_eq_df.o)
 .debug_aranges
                0x00000000000000c0       0x20 ../../standalone_bsp_1/microblaze_0/lib\libgcc.a(_ne_df.o)
 .debug_aranges
                0x00000000000000e0       0x20 ../../standalone_bsp_1/microblaze_0/lib\libgcc.a(_gt_df.o)
 .debug_aranges
                0x0000000000000100       0x20 ../../standalone_bsp_1/microblaze_0/lib\libgcc.a(_lt_df.o)
 .debug_aranges
                0x0000000000000120       0x20 ../../standalone_bsp_1/microblaze_0/lib\libgcc.a(_le_df.o)
 .debug_aranges
                0x0000000000000140       0x20 ../../standalone_bsp_1/microblaze_0/lib\libgcc.a(_unord_df.o)
 .debug_aranges
                0x0000000000000160       0x20 ../../standalone_bsp_1/microblaze_0/lib\libgcc.a(_si_to_df.o)
 .debug_aranges
                0x0000000000000180       0x20 ../../standalone_bsp_1/microblaze_0/lib\libgcc.a(_df_to_si.o)
 .debug_aranges
                0x00000000000001a0       0x18 ../../standalone_bsp_1/microblaze_0/lib\libgcc.a(_thenan_df.o)
 .debug_aranges
                0x00000000000001b8       0x20 ../../standalone_bsp_1/microblaze_0/lib\libgcc.a(_usi_to_df.o)
 .debug_aranges
                0x00000000000001d8       0x20 ../../standalone_bsp_1/microblaze_0/lib\libgcc.a(divsi3.o)
 .debug_aranges
                0x00000000000001f8       0x20 ../../standalone_bsp_1/microblaze_0/lib\libgcc.a(modsi3.o)
 .debug_aranges
                0x0000000000000218       0x20 ../../standalone_bsp_1/microblaze_0/lib\libgcc.a(udivsi3.o)
 .debug_aranges
                0x0000000000000238       0x20 ../../standalone_bsp_1/microblaze_0/lib\libgcc.a(umodsi3.o)
 .debug_aranges
                0x0000000000000258       0x20 ../../standalone_bsp_1/microblaze_0/lib\libgcc.a(_muldi3.o)
 .debug_aranges
                0x0000000000000278       0x18 ../../standalone_bsp_1/microblaze_0/lib\libgcc.a(_clz.o)
 .debug_aranges
                0x0000000000000290       0x20 ../../standalone_bsp_1/microblaze_0/lib\libgcc.a(_clzsi2.o)
 .debug_aranges
                0x00000000000002b0       0x20 ../../standalone_bsp_1/microblaze_0/lib\libgcc.a(_pack_df.o)
 .debug_aranges
                0x00000000000002d0       0x20 ../../standalone_bsp_1/microblaze_0/lib\libgcc.a(_unpack_df.o)
 .debug_aranges
                0x00000000000002f0       0x20 ../../standalone_bsp_1/microblaze_0/lib\libgcc.a(_fpcmp_parts_df.o)

.debug_ranges   0x0000000000000000      0x558
 .debug_ranges  0x0000000000000000      0x190 ../../standalone_bsp_1/microblaze_0/lib\libgcc.a(_udivdi3.o)
 .debug_ranges  0x0000000000000190      0x160 ../../standalone_bsp_1/microblaze_0/lib\libgcc.a(_umoddi3.o)
 .debug_ranges  0x00000000000002f0       0x48 ../../standalone_bsp_1/microblaze_0/lib\libgcc.a(_addsub_df.o)
 .debug_ranges  0x0000000000000338       0xb0 ../../standalone_bsp_1/microblaze_0/lib\libgcc.a(_mul_df.o)
 .debug_ranges  0x00000000000003e8       0x60 ../../standalone_bsp_1/microblaze_0/lib\libgcc.a(_div_df.o)
 .debug_ranges  0x0000000000000448       0x38 ../../standalone_bsp_1/microblaze_0/lib\libgcc.a(_si_to_df.o)
 .debug_ranges  0x0000000000000480       0x18 ../../standalone_bsp_1/microblaze_0/lib\libgcc.a(_usi_to_df.o)
 .debug_ranges  0x0000000000000498       0x40 ../../standalone_bsp_1/microblaze_0/lib\libgcc.a(_muldi3.o)
 .debug_ranges  0x00000000000004d8       0x48 ../../standalone_bsp_1/microblaze_0/lib\libgcc.a(_clzsi2.o)
 .debug_ranges  0x0000000000000520       0x38 ../../standalone_bsp_1/microblaze_0/lib\libgcc.a(_pack_df.o)

.debug_line     0x0000000000000000     0x7310
 .debug_line    0x0000000000000000      0xe4e ../../standalone_bsp_1/microblaze_0/lib\libgcc.a(_udivdi3.o)
 .debug_line    0x0000000000000e4e      0xf6f ../../standalone_bsp_1/microblaze_0/lib\libgcc.a(_umoddi3.o)
 .debug_line    0x0000000000001dbd      0x9a0 ../../standalone_bsp_1/microblaze_0/lib\libgcc.a(_addsub_df.o)
 .debug_line    0x000000000000275d      0x8c7 ../../standalone_bsp_1/microblaze_0/lib\libgcc.a(_mul_df.o)
 .debug_line    0x0000000000003024      0x65e ../../standalone_bsp_1/microblaze_0/lib\libgcc.a(_div_df.o)
 .debug_line    0x0000000000003682      0x292 ../../standalone_bsp_1/microblaze_0/lib\libgcc.a(_eq_df.o)
 .debug_line    0x0000000000003914      0x292 ../../standalone_bsp_1/microblaze_0/lib\libgcc.a(_ne_df.o)
 .debug_line    0x0000000000003ba6      0x29c ../../standalone_bsp_1/microblaze_0/lib\libgcc.a(_gt_df.o)
 .debug_line    0x0000000000003e42      0x292 ../../standalone_bsp_1/microblaze_0/lib\libgcc.a(_lt_df.o)
 .debug_line    0x00000000000040d4      0x292 ../../standalone_bsp_1/microblaze_0/lib\libgcc.a(_le_df.o)
 .debug_line    0x0000000000004366      0x294 ../../standalone_bsp_1/microblaze_0/lib\libgcc.a(_unord_df.o)
 .debug_line    0x00000000000045fa      0x3b4 ../../standalone_bsp_1/microblaze_0/lib\libgcc.a(_si_to_df.o)
 .debug_line    0x00000000000049ae      0x342 ../../standalone_bsp_1/microblaze_0/lib\libgcc.a(_df_to_si.o)
 .debug_line    0x0000000000004cf0      0x1a0 ../../standalone_bsp_1/microblaze_0/lib\libgcc.a(_thenan_df.o)
 .debug_line    0x0000000000004e90      0x306 ../../standalone_bsp_1/microblaze_0/lib\libgcc.a(_usi_to_df.o)
 .debug_line    0x0000000000005196       0xee ../../standalone_bsp_1/microblaze_0/lib\libgcc.a(divsi3.o)
 .debug_line    0x0000000000005284       0xf0 ../../standalone_bsp_1/microblaze_0/lib\libgcc.a(modsi3.o)
 .debug_line    0x0000000000005374       0xf2 ../../standalone_bsp_1/microblaze_0/lib\libgcc.a(udivsi3.o)
 .debug_line    0x0000000000005466       0xfa ../../standalone_bsp_1/microblaze_0/lib\libgcc.a(umodsi3.o)
 .debug_line    0x0000000000005560      0x5d3 ../../standalone_bsp_1/microblaze_0/lib\libgcc.a(_muldi3.o)
 .debug_line    0x0000000000005b33      0x445 ../../standalone_bsp_1/microblaze_0/lib\libgcc.a(_clz.o)
 .debug_line    0x0000000000005f78      0x573 ../../standalone_bsp_1/microblaze_0/lib\libgcc.a(_clzsi2.o)
 .debug_line    0x00000000000064eb      0x53f ../../standalone_bsp_1/microblaze_0/lib\libgcc.a(_pack_df.o)
 .debug_line    0x0000000000006a2a      0x45e ../../standalone_bsp_1/microblaze_0/lib\libgcc.a(_unpack_df.o)
 .debug_line    0x0000000000006e88      0x488 ../../standalone_bsp_1/microblaze_0/lib\libgcc.a(_fpcmp_parts_df.o)

.debug_str      0x0000000000000000      0xef3
 .debug_str     0x0000000000000000      0x91d ../../standalone_bsp_1/microblaze_0/lib\libgcc.a(_udivdi3.o)
                                        0x9a8 (size before relaxing)
 .debug_str     0x000000000000091d        0xa ../../standalone_bsp_1/microblaze_0/lib\libgcc.a(_umoddi3.o)
                                        0x9a8 (size before relaxing)
 .debug_str     0x0000000000000927      0x24d ../../standalone_bsp_1/microblaze_0/lib\libgcc.a(_addsub_df.o)
                                        0x552 (size before relaxing)
 .debug_str     0x0000000000000b74       0x40 ../../standalone_bsp_1/microblaze_0/lib\libgcc.a(_mul_df.o)
                                        0x524 (size before relaxing)
 .debug_str     0x0000000000000bb4       0x35 ../../standalone_bsp_1/microblaze_0/lib\libgcc.a(_div_df.o)
                                        0x514 (size before relaxing)
 .debug_str     0x0000000000000be9       0x20 ../../standalone_bsp_1/microblaze_0/lib\libgcc.a(_eq_df.o)
                                        0x4e1 (size before relaxing)
 .debug_str     0x0000000000000c09        0x8 ../../standalone_bsp_1/microblaze_0/lib\libgcc.a(_ne_df.o)
                                        0x4e1 (size before relaxing)
 .debug_str     0x0000000000000c11        0x8 ../../standalone_bsp_1/microblaze_0/lib\libgcc.a(_gt_df.o)
                                        0x4e1 (size before relaxing)
 .debug_str     0x0000000000000c19        0x8 ../../standalone_bsp_1/microblaze_0/lib\libgcc.a(_lt_df.o)
                                        0x4e1 (size before relaxing)
 .debug_str     0x0000000000000c21        0x8 ../../standalone_bsp_1/microblaze_0/lib\libgcc.a(_le_df.o)
                                        0x4e1 (size before relaxing)
 .debug_str     0x0000000000000c29        0xb ../../standalone_bsp_1/microblaze_0/lib\libgcc.a(_unord_df.o)
                                        0x4d4 (size before relaxing)
 .debug_str     0x0000000000000c34       0x27 ../../standalone_bsp_1/microblaze_0/lib\libgcc.a(_si_to_df.o)
                                        0x4b7 (size before relaxing)
 .debug_str     0x0000000000000c5b        0xa ../../standalone_bsp_1/microblaze_0/lib\libgcc.a(_df_to_si.o)
                                        0x4d9 (size before relaxing)
 .debug_str     0x0000000000000c65      0x46a ../../standalone_bsp_1/microblaze_0/lib\libgcc.a(_thenan_df.o)
 .debug_str     0x0000000000000c65       0x14 ../../standalone_bsp_1/microblaze_0/lib\libgcc.a(_usi_to_df.o)
                                        0x4b3 (size before relaxing)
 .debug_str     0x0000000000000c79       0xa3 ../../standalone_bsp_1/microblaze_0/lib\libgcc.a(divsi3.o)
                                        0x147 (size before relaxing)
 .debug_str     0x0000000000000d1c       0x97 ../../standalone_bsp_1/microblaze_0/lib\libgcc.a(modsi3.o)
                                        0x147 (size before relaxing)
 .debug_str     0x0000000000000db3       0x98 ../../standalone_bsp_1/microblaze_0/lib\libgcc.a(udivsi3.o)
                                        0x148 (size before relaxing)
 .debug_str     0x0000000000000e4b       0x98 ../../standalone_bsp_1/microblaze_0/lib\libgcc.a(umodsi3.o)
                                        0x148 (size before relaxing)
 .debug_str     0x0000000000000ee3        0x9 ../../standalone_bsp_1/microblaze_0/lib\libgcc.a(_muldi3.o)
                                        0x94c (size before relaxing)
 .debug_str     0x0000000000000eec      0x8ef ../../standalone_bsp_1/microblaze_0/lib\libgcc.a(_clz.o)
 .debug_str     0x0000000000000eec      0x90c ../../standalone_bsp_1/microblaze_0/lib\libgcc.a(_clzsi2.o)
 .debug_str     0x0000000000000eec        0x7 ../../standalone_bsp_1/microblaze_0/lib\libgcc.a(_pack_df.o)
                                        0x4cd (size before relaxing)
 .debug_str     0x0000000000000ef3      0x4af ../../standalone_bsp_1/microblaze_0/lib\libgcc.a(_unpack_df.o)
 .debug_str     0x0000000000000ef3      0x48d ../../standalone_bsp_1/microblaze_0/lib\libgcc.a(_fpcmp_parts_df.o)
